main.c:86:6:init	24	static
main.c:92:6:caricon	16552	static
main.c:205:6:Rcardooricon	768	static
main.c:235:6:Lcardooricon	768	static
main.c:265:6:fuelicon	1064	static
main.c:298:6:frame	32	static
main.c:313:6:box	32	static
main.c:325:6:img	16	static
main.c:344:6:MainScreen	56	static
main.c:417:6:Menu	32	static
main.c:523:6:Diagnostyka	24	static
main.c:543:6:Ustawienia	24	static
main.c:559:6:Doors	16	static
main.c:606:6:loop	8	static
main.c:670:5:main	8	static
main.c:719:6:SystemClock_Config	88	static
main.c:764:13:MX_SPI1_Init	8	static
main.c:802:13:MX_TIM1_Init	56	static
main.c:852:13:MX_USART2_UART_Init	8	static
main.c:885:13:MX_GPIO_Init	48	static
main.c:937:6:Error_Handler	4	static
