main.c:80:6:init	24	static
main.c:86:6:caricon	16552	static
main.c:199:6:Rcardooricon	768	static
main.c:229:6:Lcardooricon	768	static
main.c:259:6:fuelicon	1064	static
main.c:292:6:frame	32	static
main.c:307:6:box	32	static
main.c:319:6:img	16	static
main.c:338:6:MainScreen	48	static
main.c:409:6:Menu	32	static
main.c:524:6:Diagnostyka	24	static
main.c:544:6:Ustawienia	24	static
main.c:560:6:Doors	16	static
main.c:607:6:loop	8	static
main.c:671:5:main	8	static
main.c:719:6:SystemClock_Config	88	static
main.c:764:13:MX_SPI1_Init	8	static
main.c:802:13:MX_USART2_UART_Init	8	static
main.c:835:13:MX_GPIO_Init	48	static
main.c:909:6:Error_Handler	4	static
