Archive member included to satisfy reference by file (symbol)

c:/st/stm32cubeide_1.8.0/stm32cubeide/plugins/com.st.stm32cube.ide.mcu.externaltools.gnu-tools-for-stm32.9-2020-q2-update.win32_2.0.0.202105311346/tools/bin/../lib/gcc/arm-none-eabi/9.3.1/../../../../arm-none-eabi/lib/thumb/v7e-m+fp/hard\libc_nano.a(lib_a-errno.o)
                              ./Core/Src/syscalls.o (__errno)
c:/st/stm32cubeide_1.8.0/stm32cubeide/plugins/com.st.stm32cube.ide.mcu.externaltools.gnu-tools-for-stm32.9-2020-q2-update.win32_2.0.0.202105311346/tools/bin/../lib/gcc/arm-none-eabi/9.3.1/../../../../arm-none-eabi/lib/thumb/v7e-m+fp/hard\libc_nano.a(lib_a-exit.o)
                              c:/st/stm32cubeide_1.8.0/stm32cubeide/plugins/com.st.stm32cube.ide.mcu.externaltools.gnu-tools-for-stm32.9-2020-q2-update.win32_2.0.0.202105311346/tools/bin/../lib/gcc/arm-none-eabi/9.3.1/../../../../arm-none-eabi/lib/thumb/v7e-m+fp/hard/crt0.o (exit)
c:/st/stm32cubeide_1.8.0/stm32cubeide/plugins/com.st.stm32cube.ide.mcu.externaltools.gnu-tools-for-stm32.9-2020-q2-update.win32_2.0.0.202105311346/tools/bin/../lib/gcc/arm-none-eabi/9.3.1/../../../../arm-none-eabi/lib/thumb/v7e-m+fp/hard\libc_nano.a(lib_a-impure.o)
                              c:/st/stm32cubeide_1.8.0/stm32cubeide/plugins/com.st.stm32cube.ide.mcu.externaltools.gnu-tools-for-stm32.9-2020-q2-update.win32_2.0.0.202105311346/tools/bin/../lib/gcc/arm-none-eabi/9.3.1/../../../../arm-none-eabi/lib/thumb/v7e-m+fp/hard\libc_nano.a(lib_a-exit.o) (_global_impure_ptr)
c:/st/stm32cubeide_1.8.0/stm32cubeide/plugins/com.st.stm32cube.ide.mcu.externaltools.gnu-tools-for-stm32.9-2020-q2-update.win32_2.0.0.202105311346/tools/bin/../lib/gcc/arm-none-eabi/9.3.1/../../../../arm-none-eabi/lib/thumb/v7e-m+fp/hard\libc_nano.a(lib_a-init.o)
                              c:/st/stm32cubeide_1.8.0/stm32cubeide/plugins/com.st.stm32cube.ide.mcu.externaltools.gnu-tools-for-stm32.9-2020-q2-update.win32_2.0.0.202105311346/tools/bin/../lib/gcc/arm-none-eabi/9.3.1/../../../../arm-none-eabi/lib/thumb/v7e-m+fp/hard/crt0.o (__libc_init_array)
c:/st/stm32cubeide_1.8.0/stm32cubeide/plugins/com.st.stm32cube.ide.mcu.externaltools.gnu-tools-for-stm32.9-2020-q2-update.win32_2.0.0.202105311346/tools/bin/../lib/gcc/arm-none-eabi/9.3.1/../../../../arm-none-eabi/lib/thumb/v7e-m+fp/hard\libc_nano.a(lib_a-itoa.o)
                              ./Core/Src/main.o (itoa)
c:/st/stm32cubeide_1.8.0/stm32cubeide/plugins/com.st.stm32cube.ide.mcu.externaltools.gnu-tools-for-stm32.9-2020-q2-update.win32_2.0.0.202105311346/tools/bin/../lib/gcc/arm-none-eabi/9.3.1/../../../../arm-none-eabi/lib/thumb/v7e-m+fp/hard\libc_nano.a(lib_a-memcpy-stub.o)
                              ./Core/Src/main.o (memcpy)
c:/st/stm32cubeide_1.8.0/stm32cubeide/plugins/com.st.stm32cube.ide.mcu.externaltools.gnu-tools-for-stm32.9-2020-q2-update.win32_2.0.0.202105311346/tools/bin/../lib/gcc/arm-none-eabi/9.3.1/../../../../arm-none-eabi/lib/thumb/v7e-m+fp/hard\libc_nano.a(lib_a-memset.o)
                              c:/st/stm32cubeide_1.8.0/stm32cubeide/plugins/com.st.stm32cube.ide.mcu.externaltools.gnu-tools-for-stm32.9-2020-q2-update.win32_2.0.0.202105311346/tools/bin/../lib/gcc/arm-none-eabi/9.3.1/../../../../arm-none-eabi/lib/thumb/v7e-m+fp/hard/crt0.o (memset)
c:/st/stm32cubeide_1.8.0/stm32cubeide/plugins/com.st.stm32cube.ide.mcu.externaltools.gnu-tools-for-stm32.9-2020-q2-update.win32_2.0.0.202105311346/tools/bin/../lib/gcc/arm-none-eabi/9.3.1/../../../../arm-none-eabi/lib/thumb/v7e-m+fp/hard\libc_nano.a(lib_a-utoa.o)
                              c:/st/stm32cubeide_1.8.0/stm32cubeide/plugins/com.st.stm32cube.ide.mcu.externaltools.gnu-tools-for-stm32.9-2020-q2-update.win32_2.0.0.202105311346/tools/bin/../lib/gcc/arm-none-eabi/9.3.1/../../../../arm-none-eabi/lib/thumb/v7e-m+fp/hard\libc_nano.a(lib_a-itoa.o) (__utoa)
c:/st/stm32cubeide_1.8.0/stm32cubeide/plugins/com.st.stm32cube.ide.mcu.externaltools.gnu-tools-for-stm32.9-2020-q2-update.win32_2.0.0.202105311346/tools/bin/../lib/gcc/arm-none-eabi/9.3.1/thumb/v7e-m+fp/hard\libgcc.a(_aeabi_uldivmod.o)
                              ./Drivers/STM32F4xx_HAL_Driver/Src/stm32f4xx_hal_rcc.o (__aeabi_uldivmod)
c:/st/stm32cubeide_1.8.0/stm32cubeide/plugins/com.st.stm32cube.ide.mcu.externaltools.gnu-tools-for-stm32.9-2020-q2-update.win32_2.0.0.202105311346/tools/bin/../lib/gcc/arm-none-eabi/9.3.1/thumb/v7e-m+fp/hard\libgcc.a(_udivmoddi4.o)
                              c:/st/stm32cubeide_1.8.0/stm32cubeide/plugins/com.st.stm32cube.ide.mcu.externaltools.gnu-tools-for-stm32.9-2020-q2-update.win32_2.0.0.202105311346/tools/bin/../lib/gcc/arm-none-eabi/9.3.1/thumb/v7e-m+fp/hard\libgcc.a(_aeabi_uldivmod.o) (__udivmoddi4)
c:/st/stm32cubeide_1.8.0/stm32cubeide/plugins/com.st.stm32cube.ide.mcu.externaltools.gnu-tools-for-stm32.9-2020-q2-update.win32_2.0.0.202105311346/tools/bin/../lib/gcc/arm-none-eabi/9.3.1/thumb/v7e-m+fp/hard\libgcc.a(_dvmd_tls.o)
[...]
Memory Configuration

Name             Origin             Length             Attributes
RAM              0x0000000020000000 0x0000000000020000 xrw
FLASH            0x0000000008000000 0x0000000000080000 xr
*default*        0x0000000000000000 0xffffffffffffffff

Linker script and memory map

LOAD c:/st/stm32cubeide_1.8.0/stm32cubeide/plugins/com.st.stm32cube.ide.mcu.externaltools.gnu-tools-for-stm32.9-2020-q2-update.win32_2.0.0.202105311346/tools/bin/../lib/gcc/arm-none-eabi/9.3.1/thumb/v7e-m+fp/hard/crti.o
LOAD c:/st/stm32cubeide_1.8.0/stm32cubeide/plugins/com.st.stm32cube.ide.mcu.externaltools.gnu-tools-for-stm32.9-2020-q2-update.win32_2.0.0.202105311346/tools/bin/../lib/gcc/arm-none-eabi/9.3.1/thumb/v7e-m+fp/hard/crtbegin.o
LOAD c:/st/stm32cubeide_1.8.0/stm32cubeide/plugins/com.st.stm32cube.ide.mcu.externaltools.gnu-tools-for-stm32.9-2020-q2-update.win32_2.0.0.202105311346/tools/bin/../lib/gcc/arm-none-eabi/9.3.1/../../../../arm-none-eabi/lib/thumb/v7e-m+fp/hard/crt0.o
LOAD ./Core/Src/fonts.o
LOAD ./Core/Src/main.o
LOAD ./Core/Src/st7735.o
LOAD ./Core/Src/stm32f4xx_hal_msp.o
LOAD ./Core/Src/stm32f4xx_it.o
LOAD ./Core/Src/syscalls.o
LOAD ./Core/Src/sysmem.o
LOAD ./Core/Src/system_stm32f4xx.o
LOAD ./Core/Startup/startup_stm32f411retx.o
LOAD ./Drivers/STM32F4xx_HAL_Driver/Src/stm32f4xx_hal.o
LOAD ./Drivers/STM32F4xx_HAL_Driver/Src/stm32f4xx_hal_cortex.o
LOAD ./Drivers/STM32F4xx_HAL_Driver/Src/stm32f4xx_hal_dma.o
LOAD ./Drivers/STM32F4xx_HAL_Driver/Src/stm32f4xx_hal_dma_ex.o
LOAD ./Drivers/STM32F4xx_HAL_Driver/Src/stm32f4xx_hal_exti.o
LOAD ./Drivers/STM32F4xx_HAL_Driver/Src/stm32f4xx_hal_flash.o
LOAD ./Drivers/STM32F4xx_HAL_Driver/Src/stm32f4xx_hal_flash_ex.o
LOAD ./Drivers/STM32F4xx_HAL_Driver/Src/stm32f4xx_hal_flash_ramfunc.o
LOAD ./Drivers/STM32F4xx_HAL_Driver/Src/stm32f4xx_hal_gpio.o
LOAD ./Drivers/STM32F4xx_HAL_Driver/Src/stm32f4xx_hal_pwr.o
LOAD ./Drivers/STM32F4xx_HAL_Driver/Src/stm32f4xx_hal_pwr_ex.o
LOAD ./Drivers/STM32F4xx_HAL_Driver/Src/stm32f4xx_hal_rcc.o
LOAD ./Drivers/STM32F4xx_HAL_Driver/Src/stm32f4xx_hal_rcc_ex.o
LOAD ./Drivers/STM32F4xx_HAL_Driver/Src/stm32f4xx_hal_spi.o
LOAD ./Drivers/STM32F4xx_HAL_Driver/Src/stm32f4xx_hal_tim.o
LOAD ./Drivers/STM32F4xx_HAL_Driver/Src/stm32f4xx_hal_tim_ex.o
LOAD ./Drivers/STM32F4xx_HAL_Driver/Src/stm32f4xx_hal_uart.o
START GROUP
LOAD c:/st/stm32cubeide_1.8.0/stm32cubeide/plugins/com.st.stm32cube.ide.mcu.externaltools.gnu-tools-for-stm32.9-2020-q2-update.win32_2.0.0.202105311346/tools/bin/../lib/gcc/arm-none-eabi/9.3.1/../../../../arm-none-eabi/lib/thumb/v7e-m+fp/hard\libc_nano.a
LOAD c:/st/stm32cubeide_1.8.0/stm32cubeide/plugins/com.st.stm32cube.ide.mcu.externaltools.gnu-tools-for-stm32.9-2020-q2-update.win32_2.0.0.202105311346/tools/bin/../lib/gcc/arm-none-eabi/9.3.1/../../../../arm-none-eabi/lib/thumb/v7e-m+fp/hard\libm.a
END GROUP
START GROUP
LOAD c:/st/stm32cubeide_1.8.0/stm32cubeide/plugins/com.st.stm32cube.ide.mcu.externaltools.gnu-tools-for-stm32.9-2020-q2-update.win32_2.0.0.202105311346/tools/bin/../lib/gcc/arm-none-eabi/9.3.1/thumb/v7e-m+fp/hard\libgcc.a
LOAD c:/st/stm32cubeide_1.8.0/stm32cubeide/plugins/com.st.stm32cube.ide.mcu.externaltools.gnu-tools-for-stm32.9-2020-q2-update.win32_2.0.0.202105311346/tools/bin/../lib/gcc/arm-none-eabi/9.3.1/../../../../arm-none-eabi/lib/thumb/v7e-m+fp/hard\libc_nano.a
END GROUP
START GROUP
LOAD c:/st/stm32cubeide_1.8.0/stm32cubeide/plugins/com.st.stm32cube.ide.mcu.externaltools.gnu-tools-for-stm32.9-2020-q2-update.win32_2.0.0.202105311346/tools/bin/../lib/gcc/arm-none-eabi/9.3.1/thumb/v7e-m+fp/hard\libgcc.a
LOAD c:/st/stm32cubeide_1.8.0/stm32cubeide/plugins/com.st.stm32cube.ide.mcu.externaltools.gnu-tools-for-stm32.9-2020-q2-update.win32_2.0.0.202105311346/tools/bin/../lib/gcc/arm-none-eabi/9.3.1/../../../../arm-none-eabi/lib/thumb/v7e-m+fp/hard\libc_nano.a
LOAD c:/st/stm32cubeide_1.8.0/stm32cubeide/plugins/com.st.stm32cube.ide.mcu.externaltools.gnu-tools-for-stm32.9-2020-q2-update.win32_2.0.0.202105311346/tools/bin/../lib/gcc/arm-none-eabi/9.3.1/../../../../arm-none-eabi/lib/thumb/v7e-m+fp/hard\libnosys.a
END GROUP
START GROUP
LOAD c:/st/stm32cubeide_1.8.0/stm32cubeide/plugins/com.st.stm32cube.ide.mcu.externaltools.gnu-tools-for-stm32.9-2020-q2-update.win32_2.0.0.202105311346/tools/bin/../lib/gcc/arm-none-eabi/9.3.1/thumb/v7e-m+fp/hard\libgcc.a
LOAD c:/st/stm32cubeide_1.8.0/stm32cubeide/plugins/com.st.stm32cube.ide.mcu.externaltools.gnu-tools-for-stm32.9-2020-q2-update.win32_2.0.0.202105311346/tools/bin/../lib/gcc/arm-none-eabi/9.3.1/../../../../arm-none-eabi/lib/thumb/v7e-m+fp/hard\libc_nano.a
LOAD c:/st/stm32cubeide_1.8.0/stm32cubeide/plugins/com.st.stm32cube.ide.mcu.externaltools.gnu-tools-for-stm32.9-2020-q2-update.win32_2.0.0.202105311346/tools/bin/../lib/gcc/arm-none-eabi/9.3.1/../../../../arm-none-eabi/lib/thumb/v7e-m+fp/hard\libnosys.a
END GROUP
LOAD c:/st/stm32cubeide_1.8.0/stm32cubeide/plugins/com.st.stm32cube.ide.mcu.externaltools.gnu-tools-for-stm32.9-2020-q2-update.win32_2.0.0.202105311346/tools/bin/../lib/gcc/arm-none-eabi/9.3.1/thumb/v7e-m+fp/hard/crtend.o
LOAD c:/st/stm32cubeide_1.8.0/stm32cubeide/plugins/com.st.stm32cube.ide.mcu.externaltools.gnu-tools-for-stm32.9-2020-q2-update.win32_2.0.0.202105311346/tools/bin/../lib/gcc/arm-none-eabi/9.3.1/thumb/v7e-m+fp/hard/crtn.o
                0x0000000020020000                _estack = (ORIGIN (RAM) + LENGTH (RAM))
                0x0000000000000200                _Min_Heap_Size = 0x200
                0x0000000000000400                _Min_Stack_Size = 0x400

.isr_vector     0x0000000008000000      0x198
                0x0000000008000000                . = ALIGN (0x4)
 *(.isr_vector)
 .isr_vector    0x0000000008000000      0x198 ./Core/Startup/startup_stm32f411retx.o
                0x0000000008000000                g_pfnVectors
                0x0000000008000198                . = ALIGN (0x4)

.text           0x0000000008000198     0x5c74
                0x0000000008000198                . = ALIGN (0x4)
 *(.text)
 .text          0x0000000008000198       0x40 c:/st/stm32cubeide_1.8.0/stm32cubeide/plugins/com.st.stm32cube.ide.mcu.externaltools.gnu-tools-for-stm32.9-2020-q2-update.win32_2.0.0.202105311346/tools/bin/../lib/gcc/arm-none-eabi/9.3.1/thumb/v7e-m+fp/hard/crtbegin.o
 .text          0x00000000080001d8       0x30 c:/st/stm32cubeide_1.8.0/stm32cubeide/plugins/com.st.stm32cube.ide.mcu.externaltools.gnu-tools-for-stm32.9-2020-q2-update.win32_2.0.0.202105311346/tools/bin/../lib/gcc/arm-none-eabi/9.3.1/thumb/v7e-m+fp/hard\libgcc.a(_aeabi_uldivmod.o)
                0x00000000080001d8                __aeabi_uldivmod
 .text          0x0000000008000208      0x2c4 c:/st/stm32cubeide_1.8.0/stm32cubeide/plugins/com.st.stm32cube.ide.mcu.externaltools.gnu-tools-for-stm32.9-2020-q2-update.win32_2.0.0.202105311346/tools/bin/../lib/gcc/arm-none-eabi/9.3.1/thumb/v7e-m+fp/hard\libgcc.a(_udivmoddi4.o)
                0x0000000008000208                __udivmoddi4
 .text          0x00000000080004cc        0x4 c:/st/stm32cubeide_1.8.0/stm32cubeide/plugins/com.st.stm32cube.ide.mcu.externaltools.gnu-tools-for-stm32.9-2020-q2-update.win32_2.0.0.202105311346/tools/bin/../lib/gcc/arm-none-eabi/9.3.1/thumb/v7e-m+fp/hard\libgcc.a(_dvmd_tls.o)
                0x00000000080004cc                __aeabi_idiv0
                0x00000000080004cc                __aeabi_ldiv0
 *(.text*)
 .text.init     0x00000000080004d0       0x34 ./Core/Src/main.o
                0x00000000080004d0                init
 .text.caricon  0x0000000008000504     0x1de8 ./Core/Src/main.o
                0x0000000008000504                caricon
 .text.Rcardooricon
                0x00000000080022ec      0x1c0 ./Core/Src/main.o
                0x00000000080022ec                Rcardooricon
 .text.Lcardooricon
                0x00000000080024ac      0x1c4 ./Core/Src/main.o
                0x00000000080024ac                Lcardooricon
 .text.fuelicon
                0x0000000008002670       0xc4 ./Core/Src/main.o
                0x0000000008002670                fuelicon
 .text.frame    0x0000000008002734       0xac ./Core/Src/main.o
                0x0000000008002734                frame
 .text.box      0x00000000080027e0       0x6c ./Core/Src/main.o
                0x00000000080027e0                box
 .text.img      0x000000000800284c       0x5c ./Core/Src/main.o
                0x000000000800284c                img
 .text.MainScreen
                0x00000000080028a8      0x248 ./Core/Src/main.o
                0x00000000080028a8                MainScreen
 .text.Menu     0x0000000008002af0      0x398 ./Core/Src/main.o
                0x0000000008002af0                Menu
 .text.Diagnostyka
                0x0000000008002e88       0xb4 ./Core/Src/main.o
                0x0000000008002e88                Diagnostyka
 .text.Ustawienia
                0x0000000008002f3c       0x84 ./Core/Src/main.o
                0x0000000008002f3c                Ustawienia
 .text.Doors    0x0000000008002fc0       0xf8 ./Core/Src/main.o
                0x0000000008002fc0                Doors
 .text.loop     0x00000000080030b8       0xf0 ./Core/Src/main.o
                0x00000000080030b8                loop
 .text.main     0x00000000080031a8       0x34 ./Core/Src/main.o
                0x00000000080031a8                main
 .text.SystemClock_Config
                0x00000000080031dc       0xd4 ./Core/Src/main.o
                0x00000000080031dc                SystemClock_Config
 .text.MX_SPI1_Init
                0x00000000080032b0       0x70 ./Core/Src/main.o
 .text.MX_TIM1_Init
                0x0000000008003320       0xb0 ./Core/Src/main.o
 .text.MX_USART2_UART_Init
                0x00000000080033d0       0x54 ./Core/Src/main.o
 .text.MX_GPIO_Init
                0x0000000008003424      0x124 ./Core/Src/main.o
 .text.Error_Handler
                0x0000000008003548        0x6 ./Core/Src/main.o
                0x0000000008003548                Error_Handler
 *fill*         0x000000000800354e        0x2 
 .text.ST7735_Select
                0x0000000008003550       0x18 ./Core/Src/st7735.o
 .text.ST7735_Unselect
                0x0000000008003568       0x18 ./Core/Src/st7735.o
                0x0000000008003568                ST7735_Unselect
 .text.ST7735_Reset
                0x0000000008003580       0x28 ./Core/Src/st7735.o
 .text.ST7735_WriteCommand
                0x00000000080035a8       0x34 ./Core/Src/st7735.o
 .text.ST7735_WriteData
                0x00000000080035dc       0x38 ./Core/Src/st7735.o
 .text.ST7735_ExecuteCommandList
                0x0000000008003614       0x92 ./Core/Src/st7735.o
 .text.ST7735_SetAddressWindow
                0x00000000080036a6       0x68 ./Core/Src/st7735.o
 *fill*         0x000000000800370e        0x2 
 .text.ST7735_Init
                0x0000000008003710       0x34 ./Core/Src/st7735.o
                0x0000000008003710                ST7735_Init
 .text.ST7735_DrawPixel
                0x0000000008003744       0x68 ./Core/Src/st7735.o
                0x0000000008003744                ST7735_DrawPixel
 .text.ST7735_WriteChar
                0x00000000080037ac       0xee ./Core/Src/st7735.o
 .text.ST7735_WriteString
                0x000000000800389a       0x94 ./Core/Src/st7735.o
                0x000000000800389a                ST7735_WriteString
 *fill*         0x000000000800392e        0x2 
 .text.ST7735_FillRectangle
                0x0000000008003930       0xe8 ./Core/Src/st7735.o
                0x0000000008003930                ST7735_FillRectangle
 .text.ST7735_FillScreen
                0x0000000008003a18       0x22 ./Core/Src/st7735.o
                0x0000000008003a18                ST7735_FillScreen
 .text.ST7735_DrawImage
                0x0000000008003a3a       0x98 ./Core/Src/st7735.o
                0x0000000008003a3a                ST7735_DrawImage
 *fill*         0x0000000008003ad2        0x2 
 .text.HAL_MspInit
                0x0000000008003ad4       0x50 ./Core/Src/stm32f4xx_hal_msp.o
                0x0000000008003ad4                HAL_MspInit
 .text.HAL_SPI_MspInit
                0x0000000008003b24       0x90 ./Core/Src/stm32f4xx_hal_msp.o
                0x0000000008003b24                HAL_SPI_MspInit
 .text.HAL_TIM_Encoder_MspInit
                0x0000000008003bb4       0x90 ./Core/Src/stm32f4xx_hal_msp.o
                0x0000000008003bb4                HAL_TIM_Encoder_MspInit
 .text.HAL_UART_MspInit
                0x0000000008003c44       0x90 ./Core/Src/stm32f4xx_hal_msp.o
                0x0000000008003c44                HAL_UART_MspInit
 .text.SysTick_Handler
                0x0000000008003cd4        0xc ./Core/Src/stm32f4xx_it.o
                0x0000000008003cd4                SysTick_Handler
 .text.SystemInit
                0x0000000008003ce0       0x6c ./Core/Src/system_stm32f4xx.o
                0x0000000008003ce0                SystemInit
 .text.Reset_Handler
                0x0000000008003d4c       0x50 ./Core/Startup/startup_stm32f411retx.o
                0x0000000008003d4c                Reset_Handler
 .text.Default_Handler
                0x0000000008003d9c        0x2 ./Core/Startup/startup_stm32f411retx.o
                0x0000000008003d9c                RTC_Alarm_IRQHandler
                0x0000000008003d9c                EXTI2_IRQHandler
                0x0000000008003d9c                DebugMon_Handler
                0x0000000008003d9c                SPI4_IRQHandler
                0x0000000008003d9c                TIM1_CC_IRQHandler
                0x0000000008003d9c                DMA2_Stream5_IRQHandler
                0x0000000008003d9c                HardFault_Handler
                0x0000000008003d9c                DMA1_Stream5_IRQHandler
                0x0000000008003d9c                PVD_IRQHandler
                0x0000000008003d9c                SDIO_IRQHandler
                0x0000000008003d9c                TAMP_STAMP_IRQHandler
                0x0000000008003d9c                PendSV_Handler
                0x0000000008003d9c                NMI_Handler
                0x0000000008003d9c                EXTI3_IRQHandler
                0x0000000008003d9c                TIM1_UP_TIM10_IRQHandler
                0x0000000008003d9c                I2C3_ER_IRQHandler
                0x0000000008003d9c                EXTI0_IRQHandler
                0x0000000008003d9c                I2C2_EV_IRQHandler
                0x0000000008003d9c                DMA1_Stream2_IRQHandler
                0x0000000008003d9c                FPU_IRQHandler
                0x0000000008003d9c                UsageFault_Handler
                0x0000000008003d9c                DMA2_Stream2_IRQHandler
                0x0000000008003d9c                SPI1_IRQHandler
                0x0000000008003d9c                TIM1_BRK_TIM9_IRQHandler
                0x0000000008003d9c                DMA2_Stream3_IRQHandler
                0x0000000008003d9c                USART6_IRQHandler
                0x0000000008003d9c                DMA2_Stream0_IRQHandler
                0x0000000008003d9c                TIM4_IRQHandler
                0x0000000008003d9c                I2C1_EV_IRQHandler
                0x0000000008003d9c                DMA1_Stream6_IRQHandler
                0x0000000008003d9c                DMA1_Stream1_IRQHandler
                0x0000000008003d9c                TIM3_IRQHandler
                0x0000000008003d9c                RCC_IRQHandler
                0x0000000008003d9c                Default_Handler
                0x0000000008003d9c                EXTI15_10_IRQHandler
                0x0000000008003d9c                ADC_IRQHandler
                0x0000000008003d9c                DMA1_Stream7_IRQHandler
                0x0000000008003d9c                SPI5_IRQHandler
                0x0000000008003d9c                TIM5_IRQHandler
                0x0000000008003d9c                DMA2_Stream7_IRQHandler
                0x0000000008003d9c                I2C3_EV_IRQHandler
                0x0000000008003d9c                EXTI9_5_IRQHandler
                0x0000000008003d9c                RTC_WKUP_IRQHandler
                0x0000000008003d9c                SPI2_IRQHandler
                0x0000000008003d9c                MemManage_Handler
                0x0000000008003d9c                DMA1_Stream0_IRQHandler
                0x0000000008003d9c                SVC_Handler
                0x0000000008003d9c                EXTI4_IRQHandler
                0x0000000008003d9c                WWDG_IRQHandler
                0x0000000008003d9c                TIM2_IRQHandler
                0x0000000008003d9c                OTG_FS_WKUP_IRQHandler
                0x0000000008003d9c                TIM1_TRG_COM_TIM11_IRQHandler
                0x0000000008003d9c                EXTI1_IRQHandler
                0x0000000008003d9c                USART2_IRQHandler
                0x0000000008003d9c                I2C2_ER_IRQHandler
                0x0000000008003d9c                DMA2_Stream1_IRQHandler
                0x0000000008003d9c                FLASH_IRQHandler
                0x0000000008003d9c                DMA2_Stream4_IRQHandler
                0x0000000008003d9c                BusFault_Handler
                0x0000000008003d9c                USART1_IRQHandler
                0x0000000008003d9c                OTG_FS_IRQHandler
                0x0000000008003d9c                SPI3_IRQHandler
                0x0000000008003d9c                DMA1_Stream4_IRQHandler
                0x0000000008003d9c                I2C1_ER_IRQHandler
                0x0000000008003d9c                DMA2_Stream6_IRQHandler
                0x0000000008003d9c                DMA1_Stream3_IRQHandler
 *fill*         0x0000000008003d9e        0x2 
 .text.HAL_Init
                0x0000000008003da0       0x44 ./Drivers/STM32F4xx_HAL_Driver/Src/stm32f4xx_hal.o
                0x0000000008003da0                HAL_Init
 .text.HAL_InitTick
                0x0000000008003de4       0x60 ./Drivers/STM32F4xx_HAL_Driver/Src/stm32f4xx_hal.o
                0x0000000008003de4                HAL_InitTick
 .text.HAL_IncTick
                0x0000000008003e44       0x28 ./Drivers/STM32F4xx_HAL_Driver/Src/stm32f4xx_hal.o
                0x0000000008003e44                HAL_IncTick
 .text.HAL_GetTick
                0x0000000008003e6c       0x18 ./Drivers/STM32F4xx_HAL_Driver/Src/stm32f4xx_hal.o
                0x0000000008003e6c                HAL_GetTick
 .text.HAL_Delay
                0x0000000008003e84       0x48 ./Drivers/STM32F4xx_HAL_Driver/Src/stm32f4xx_hal.o
                0x0000000008003e84                HAL_Delay
 .text.__NVIC_SetPriorityGrouping
                0x0000000008003ecc       0x48 ./Drivers/STM32F4xx_HAL_Driver/Src/stm32f4xx_hal_cortex.o
 .text.__NVIC_GetPriorityGrouping
                0x0000000008003f14       0x1c ./Drivers/STM32F4xx_HAL_Driver/Src/stm32f4xx_hal_cortex.o
 .text.__NVIC_SetPriority
                0x0000000008003f30       0x54 ./Drivers/STM32F4xx_HAL_Driver/Src/stm32f4xx_hal_cortex.o
 .text.NVIC_EncodePriority
                0x0000000008003f84       0x66 ./Drivers/STM32F4xx_HAL_Driver/Src/stm32f4xx_hal_cortex.o
 *fill*         0x0000000008003fea        0x2 
 .text.SysTick_Config
                0x0000000008003fec       0x44 ./Drivers/STM32F4xx_HAL_Driver/Src/stm32f4xx_hal_cortex.o
 .text.HAL_NVIC_SetPriorityGrouping
                0x0000000008004030       0x16 ./Drivers/STM32F4xx_HAL_Driver/Src/stm32f4xx_hal_cortex.o
                0x0000000008004030                HAL_NVIC_SetPriorityGrouping
 .text.HAL_NVIC_SetPriority
                0x0000000008004046       0x38 ./Drivers/STM32F4xx_HAL_Driver/Src/stm32f4xx_hal_cortex.o
                0x0000000008004046                HAL_NVIC_SetPriority
 .text.HAL_SYSTICK_Config
                0x000000000800407e       0x18 ./Drivers/STM32F4xx_HAL_Driver/Src/stm32f4xx_hal_cortex.o
                0x000000000800407e                HAL_SYSTICK_Config
 *fill*         0x0000000008004096        0x2 
 .text.HAL_GPIO_Init
                0x0000000008004098      0x308 ./Drivers/STM32F4xx_HAL_Driver/Src/stm32f4xx_hal_gpio.o
                0x0000000008004098                HAL_GPIO_Init
 .text.HAL_GPIO_ReadPin
                0x00000000080043a0       0x30 ./Drivers/STM32F4xx_HAL_Driver/Src/stm32f4xx_hal_gpio.o
                0x00000000080043a0                HAL_GPIO_ReadPin
 .text.HAL_GPIO_WritePin
                0x00000000080043d0       0x32 ./Drivers/STM32F4xx_HAL_Driver/Src/stm32f4xx_hal_gpio.o
                0x00000000080043d0                HAL_GPIO_WritePin
 *fill*         0x0000000008004402        0x2 
 .text.HAL_RCC_OscConfig
                0x0000000008004404      0x4f0 ./Drivers/STM32F4xx_HAL_Driver/Src/stm32f4xx_hal_rcc.o
                0x0000000008004404                HAL_RCC_OscConfig
 .text.HAL_RCC_ClockConfig
                0x00000000080048f4      0x1cc ./Drivers/STM32F4xx_HAL_Driver/Src/stm32f4xx_hal_rcc.o
                0x00000000080048f4                HAL_RCC_ClockConfig
 .text.HAL_RCC_GetSysClockFreq
                0x0000000008004ac0      0x1c4 ./Drivers/STM32F4xx_HAL_Driver/Src/stm32f4xx_hal_rcc.o
                0x0000000008004ac0                HAL_RCC_GetSysClockFreq
 .text.HAL_RCC_GetHCLKFreq
                0x0000000008004c84       0x18 ./Drivers/STM32F4xx_HAL_Driver/Src/stm32f4xx_hal_rcc.o
                0x0000000008004c84                HAL_RCC_GetHCLKFreq
 .text.HAL_RCC_GetPCLK1Freq
                0x0000000008004c9c       0x28 ./Drivers/STM32F4xx_HAL_Driver/Src/stm32f4xx_hal_rcc.o
                0x0000000008004c9c                HAL_RCC_GetPCLK1Freq
 .text.HAL_RCC_GetPCLK2Freq
                0x0000000008004cc4       0x28 ./Drivers/STM32F4xx_HAL_Driver/Src/stm32f4xx_hal_rcc.o
                0x0000000008004cc4                HAL_RCC_GetPCLK2Freq
 .text.HAL_SPI_Init
                0x0000000008004cec      0x112 ./Drivers/STM32F4xx_HAL_Driver/Src/stm32f4xx_hal_spi.o
                0x0000000008004cec                HAL_SPI_Init
 .text.HAL_SPI_Transmit
                0x0000000008004dfe      0x278 ./Drivers/STM32F4xx_HAL_Driver/Src/stm32f4xx_hal_spi.o
                0x0000000008004dfe                HAL_SPI_Transmit
 *fill*         0x0000000008005076        0x2 
 .text.SPI_WaitFlagStateUntilTimeout
                0x0000000008005078      0x110 ./Drivers/STM32F4xx_HAL_Driver/Src/stm32f4xx_hal_spi.o
 .text.SPI_EndRxTxTransaction
                0x0000000008005188       0x84 ./Drivers/STM32F4xx_HAL_Driver/Src/stm32f4xx_hal_spi.o
 .text.HAL_TIM_Encoder_Init
                0x000000000800520c      0x14c ./Drivers/STM32F4xx_HAL_Driver/Src/stm32f4xx_hal_tim.o
                0x000000000800520c                HAL_TIM_Encoder_Init
 .text.HAL_TIM_Encoder_Start
                0x0000000008005358      0x11c ./Drivers/STM32F4xx_HAL_Driver/Src/stm32f4xx_hal_tim.o
                0x0000000008005358                HAL_TIM_Encoder_Start
 .text.TIM_Base_SetConfig
                0x0000000008005474      0x100 ./Drivers/STM32F4xx_HAL_Driver/Src/stm32f4xx_hal_tim.o
                0x0000000008005474                TIM_Base_SetConfig
 .text.TIM_CCxChannelCmd
                0x0000000008005574       0x4a ./Drivers/STM32F4xx_HAL_Driver/Src/stm32f4xx_hal_tim.o
                0x0000000008005574                TIM_CCxChannelCmd
 *fill*         0x00000000080055be        0x2 
 .text.HAL_TIMEx_MasterConfigSynchronization
                0x00000000080055c0       0xdc ./Drivers/STM32F4xx_HAL_Driver/Src/stm32f4xx_hal_tim_ex.o
                0x00000000080055c0                HAL_TIMEx_MasterConfigSynchronization
 .text.HAL_UART_Init
                0x000000000800569c       0x9a ./Drivers/STM32F4xx_HAL_Driver/Src/stm32f4xx_hal_uart.o
                0x000000000800569c                HAL_UART_Init
 .text.HAL_UART_Transmit
                0x0000000008005736      0x124 ./Drivers/STM32F4xx_HAL_Driver/Src/stm32f4xx_hal_uart.o
                0x0000000008005736                HAL_UART_Transmit
 .text.UART_WaitOnFlagUntilTimeout
                0x000000000800585a       0xdc ./Drivers/STM32F4xx_HAL_Driver/Src/stm32f4xx_hal_uart.o
 *fill*         0x0000000008005936        0x2 
 .text.UART_SetConfig
                0x0000000008005938      0x390 ./Drivers/STM32F4xx_HAL_Driver/Src/stm32f4xx_hal_uart.o
 .text.__libc_init_array
                0x0000000008005cc8       0x48 c:/st/stm32cubeide_1.8.0/stm32cubeide/plugins/com.st.stm32cube.ide.mcu.externaltools.gnu-tools-for-stm32.9-2020-q2-update.win32_2.0.0.202105311346/tools/bin/../lib/gcc/arm-none-eabi/9.3.1/../../../../arm-none-eabi/lib/thumb/v7e-m+fp/hard\libc_nano.a(lib_a-init.o)
                0x0000000008005cc8                __libc_init_array
 .text.__itoa   0x0000000008005d10       0x30 c:/st/stm32cubeide_1.8.0/stm32cubeide/plugins/com.st.stm32cube.ide.mcu.externaltools.gnu-tools-for-stm32.9-2020-q2-update.win32_2.0.0.202105311346/tools/bin/../lib/gcc/arm-none-eabi/9.3.1/../../../../arm-none-eabi/lib/thumb/v7e-m+fp/hard\libc_nano.a(lib_a-itoa.o)
                0x0000000008005d10                __itoa
 .text.itoa     0x0000000008005d40        0x4 c:/st/stm32cubeide_1.8.0/stm32cubeide/plugins/com.st.stm32cube.ide.mcu.externaltools.gnu-tools-for-stm32.9-2020-q2-update.win32_2.0.0.202105311346/tools/bin/../lib/gcc/arm-none-eabi/9.3.1/../../../../arm-none-eabi/lib/thumb/v7e-m+fp/hard\libc_nano.a(lib_a-itoa.o)
                0x0000000008005d40                itoa
 .text.memcpy   0x0000000008005d44       0x1c c:/st/stm32cubeide_1.8.0/stm32cubeide/plugins/com.st.stm32cube.ide.mcu.externaltools.gnu-tools-for-stm32.9-2020-q2-update.win32_2.0.0.202105311346/tools/bin/../lib/gcc/arm-none-eabi/9.3.1/../../../../arm-none-eabi/lib/thumb/v7e-m+fp/hard\libc_nano.a(lib_a-memcpy-stub.o)
                0x0000000008005d44                memcpy
 .text.memset   0x0000000008005d60       0x10 c:/st/stm32cubeide_1.8.0/stm32cubeide/plugins/com.st.stm32cube.ide.mcu.externaltools.gnu-tools-for-stm32.9-2020-q2-update.win32_2.0.0.202105311346/tools/bin/../lib/gcc/arm-none-eabi/9.3.1/../../../../arm-none-eabi/lib/thumb/v7e-m+fp/hard\libc_nano.a(lib_a-memset.o)
                0x0000000008005d60                memset
 .text.__utoa   0x0000000008005d70       0x84 c:/st/stm32cubeide_1.8.0/stm32cubeide/plugins/com.st.stm32cube.ide.mcu.externaltools.gnu-tools-for-stm32.9-2020-q2-update.win32_2.0.0.202105311346/tools/bin/../lib/gcc/arm-none-eabi/9.3.1/../../../../arm-none-eabi/lib/thumb/v7e-m+fp/hard\libc_nano.a(lib_a-utoa.o)
                0x0000000008005d70                __utoa
 *(.glue_7)
 .glue_7        0x0000000008005df4        0x0 linker stubs
 *(.glue_7t)
 .glue_7t       0x0000000008005df4        0x0 linker stubs
 *(.eh_frame)
 .eh_frame      0x0000000008005df4        0x0 c:/st/stm32cubeide_1.8.0/stm32cubeide/plugins/com.st.stm32cube.ide.mcu.externaltools.gnu-tools-for-stm32.9-2020-q2-update.win32_2.0.0.202105311346/tools/bin/../lib/gcc/arm-none-eabi/9.3.1/thumb/v7e-m+fp/hard/crtbegin.o
 *(.init)
 .init          0x0000000008005df4        0x4 c:/st/stm32cubeide_1.8.0/stm32cubeide/plugins/com.st.stm32cube.ide.mcu.externaltools.gnu-tools-for-stm32.9-2020-q2-update.win32_2.0.0.202105311346/tools/bin/../lib/gcc/arm-none-eabi/9.3.1/thumb/v7e-m+fp/hard/crti.o
                0x0000000008005df4                _init
 .init          0x0000000008005df8        0x8 c:/st/stm32cubeide_1.8.0/stm32cubeide/plugins/com.st.stm32cube.ide.mcu.externaltools.gnu-tools-for-stm32.9-2020-q2-update.win32_2.0.0.202105311346/tools/bin/../lib/gcc/arm-none-eabi/9.3.1/thumb/v7e-m+fp/hard/crtn.o
 *(.fini)
 .fini          0x0000000008005e00        0x4 c:/st/stm32cubeide_1.8.0/stm32cubeide/plugins/com.st.stm32cube.ide.mcu.externaltools.gnu-tools-for-stm32.9-2020-q2-update.win32_2.0.0.202105311346/tools/bin/../lib/gcc/arm-none-eabi/9.3.1/thumb/v7e-m+fp/hard/crti.o
                0x0000000008005e00                _fini
 .fini          0x0000000008005e04        0x8 c:/st/stm32cubeide_1.8.0/stm32cubeide/plugins/com.st.stm32cube.ide.mcu.externaltools.gnu-tools-for-stm32.9-2020-q2-update.win32_2.0.0.202105311346/tools/bin/../lib/gcc/arm-none-eabi/9.3.1/thumb/v7e-m+fp/hard/crtn.o
                0x0000000008005e0c                . = ALIGN (0x4)
                0x0000000008005e0c                _etext = .

.vfp11_veneer   0x0000000008005e0c        0x0
 .vfp11_veneer  0x0000000008005e0c        0x0 linker stubs

.v4_bx          0x0000000008005e0c        0x0
 .v4_bx         0x0000000008005e0c        0x0 linker stubs

.iplt           0x0000000008005e0c        0x0
 .iplt          0x0000000008005e0c        0x0 c:/st/stm32cubeide_1.8.0/stm32cubeide/plugins/com.st.stm32cube.ide.mcu.externaltools.gnu-tools-for-stm32.9-2020-q2-update.win32_2.0.0.202105311346/tools/bin/../lib/gcc/arm-none-eabi/9.3.1/thumb/v7e-m+fp/hard/crtbegin.o

.rodata         0x0000000008005e0c    0x1126c
                0x0000000008005e0c                . = ALIGN (0x4)
 *(.rodata)
 .rodata        0x0000000008005e0c      0x456 ./Core/Src/main.o
 *(.rodata*)
 *fill*         0x0000000008006262        0x2 
 .rodata.Font11x18
                0x0000000008006264      0xd5c ./Core/Src/fonts.o
 .rodata.test_img_128x128
                0x0000000008006fc0     0x8000 ./Core/Src/main.o
                0x0000000008006fc0                test_img_128x128
 .rodata.black_img_128x128
                0x000000000800efc0     0x8000 ./Core/Src/main.o
                0x000000000800efc0                black_img_128x128
 .rodata.init_cmds1
                0x0000000008016fc0       0x3b ./Core/Src/st7735.o
 *fill*         0x0000000008016ffb        0x1 
 .rodata.init_cmds2
                0x0000000008016ffc        0xd ./Core/Src/st7735.o
 *fill*         0x0000000008017009        0x3 
 .rodata.init_cmds3
                0x000000000801700c       0x2b ./Core/Src/st7735.o
 *fill*         0x0000000008017037        0x1 
 .rodata.AHBPrescTable
                0x0000000008017038       0x10 ./Core/Src/system_stm32f4xx.o
                0x0000000008017038                AHBPrescTable
 .rodata.APBPrescTable
                0x0000000008017048        0x8 ./Core/Src/system_stm32f4xx.o
                0x0000000008017048                APBPrescTable
 .rodata.__utoa.str1.1
                0x0000000008017050       0x25 c:/st/stm32cubeide_1.8.0/stm32cubeide/plugins/com.st.stm32cube.ide.mcu.externaltools.gnu-tools-for-stm32.9-2020-q2-update.win32_2.0.0.202105311346/tools/bin/../lib/gcc/arm-none-eabi/9.3.1/../../../../arm-none-eabi/lib/thumb/v7e-m+fp/hard\libc_nano.a(lib_a-utoa.o)
                0x0000000008017078                . = ALIGN (0x4)
 *fill*         0x0000000008017075        0x3 

.ARM.extab      0x0000000008017078        0x0
                0x0000000008017078                . = ALIGN (0x4)
 *(.ARM.extab* .gnu.linkonce.armextab.*)
                0x0000000008017078                . = ALIGN (0x4)

.ARM            0x0000000008017078        0x8
                0x0000000008017078                . = ALIGN (0x4)
                0x0000000008017078                __exidx_start = .
 *(.ARM.exidx*)
 .ARM.exidx     0x0000000008017078        0x8 c:/st/stm32cubeide_1.8.0/stm32cubeide/plugins/com.st.stm32cube.ide.mcu.externaltools.gnu-tools-for-stm32.9-2020-q2-update.win32_2.0.0.202105311346/tools/bin/../lib/gcc/arm-none-eabi/9.3.1/thumb/v7e-m+fp/hard\libgcc.a(_udivmoddi4.o)
                0x0000000008017080                __exidx_end = .
                0x0000000008017080                . = ALIGN (0x4)

.rel.dyn        0x0000000008017080        0x0
 .rel.iplt      0x0000000008017080        0x0 c:/st/stm32cubeide_1.8.0/stm32cubeide/plugins/com.st.stm32cube.ide.mcu.externaltools.gnu-tools-for-stm32.9-2020-q2-update.win32_2.0.0.202105311346/tools/bin/../lib/gcc/arm-none-eabi/9.3.1/thumb/v7e-m+fp/hard/crtbegin.o

.preinit_array  0x0000000008017080        0x0
                0x0000000008017080                . = ALIGN (0x4)
                0x0000000008017080                PROVIDE (__preinit_array_start = .)
 *(.preinit_array*)
                0x0000000008017080                PROVIDE (__preinit_array_end = .)
                0x0000000008017080                . = ALIGN (0x4)

.init_array     0x0000000008017080        0x4
                0x0000000008017080                . = ALIGN (0x4)
                0x0000000008017080                PROVIDE (__init_array_start = .)
 *(SORT_BY_NAME(.init_array.*))
 *(.init_array*)
 .init_array    0x0000000008017080        0x4 c:/st/stm32cubeide_1.8.0/stm32cubeide/plugins/com.st.stm32cube.ide.mcu.externaltools.gnu-tools-for-stm32.9-2020-q2-update.win32_2.0.0.202105311346/tools/bin/../lib/gcc/arm-none-eabi/9.3.1/thumb/v7e-m+fp/hard/crtbegin.o
                0x0000000008017084                PROVIDE (__init_array_end = .)
                0x0000000008017084                . = ALIGN (0x4)

.fini_array     0x0000000008017084        0x4
                0x0000000008017084                . = ALIGN (0x4)
                [!provide]                        PROVIDE (__fini_array_start = .)
 *(SORT_BY_NAME(.fini_array.*))
 *(.fini_array*)
 .fini_array    0x0000000008017084        0x4 c:/st/stm32cubeide_1.8.0/stm32cubeide/plugins/com.st.stm32cube.ide.mcu.externaltools.gnu-tools-for-stm32.9-2020-q2-update.win32_2.0.0.202105311346/tools/bin/../lib/gcc/arm-none-eabi/9.3.1/thumb/v7e-m+fp/hard/crtbegin.o
                [!provide]                        PROVIDE (__fini_array_end = .)
                0x0000000008017088                . = ALIGN (0x4)
                0x0000000008017088                _sidata = LOADADDR (.data)

.data           0x0000000020000000       0x24 load address 0x0000000008017088
                0x0000000020000000                . = ALIGN (0x4)
                0x0000000020000000                _sdata = .
 *(.data)
 *(.data*)
 .data.Font_11x18
                0x0000000020000000        0x8 ./Core/Src/fonts.o
                0x0000000020000000                Font_11x18
 .data.x        0x0000000020000008        0x4 ./Core/Src/main.o
                0x0000000020000008                x
 .data.y        0x000000002000000c        0x4 ./Core/Src/main.o
                0x000000002000000c                y
 .data.z        0x0000000020000010        0x4 ./Core/Src/main.o
                0x0000000020000010                z
 .data.p        0x0000000020000014        0x4 ./Core/Src/main.o
                0x0000000020000014                p
 .data.SystemCoreClock
                0x0000000020000018        0x4 ./Core/Src/system_stm32f4xx.o
                0x0000000020000018                SystemCoreClock
 .data.uwTickPrio
                0x000000002000001c        0x4 ./Drivers/STM32F4xx_HAL_Driver/Src/stm32f4xx_hal.o
                0x000000002000001c                uwTickPrio
 .data.uwTickFreq
                0x0000000020000020        0x1 ./Drivers/STM32F4xx_HAL_Driver/Src/stm32f4xx_hal.o
                0x0000000020000020                uwTickFreq
 *(.RamFunc)
 *(.RamFunc*)
                0x0000000020000024                . = ALIGN (0x4)
 *fill*         0x0000000020000021        0x3 
                0x0000000020000024                _edata = .

.igot.plt       0x0000000020000024        0x0 load address 0x00000000080170ac
 .igot.plt      0x0000000020000024        0x0 c:/st/stm32cubeide_1.8.0/stm32cubeide/plugins/com.st.stm32cube.ide.mcu.externaltools.gnu-tools-for-stm32.9-2020-q2-update.win32_2.0.0.202105311346/tools/bin/../lib/gcc/arm-none-eabi/9.3.1/thumb/v7e-m+fp/hard/crtbegin.o
                0x0000000020000024                . = ALIGN (0x4)

.bss            0x0000000020000024      0x110 load address 0x00000000080170ac
                0x0000000020000024                _sbss = .
                0x0000000020000024                __bss_start__ = _sbss
 *(.bss)
 .bss           0x0000000020000024       0x1c c:/st/stm32cubeide_1.8.0/stm32cubeide/plugins/com.st.stm32cube.ide.mcu.externaltools.gnu-tools-for-stm32.9-2020-q2-update.win32_2.0.0.202105311346/tools/bin/../lib/gcc/arm-none-eabi/9.3.1/thumb/v7e-m+fp/hard/crtbegin.o
 *(.bss*)
 .bss.LastTimerCounter
                0x0000000020000040        0x2 ./Core/Src/main.o
 .bss.MenuLastTimerCounter
                0x0000000020000042        0x2 ./Core/Src/main.o
 .bss.door      0x0000000020000044        0x4 ./Core/Src/main.o
                0x0000000020000044                door
 .bss.door2     0x0000000020000048        0x4 ./Core/Src/main.o
                0x0000000020000048                door2
 *(COMMON)
 COMMON         0x000000002000004c       0xe4 ./Core/Src/main.o
                0x000000002000004c                htim1
                0x0000000020000094                hspi1
                0x00000000200000ec                huart2
 COMMON         0x0000000020000130        0x4 ./Drivers/STM32F4xx_HAL_Driver/Src/stm32f4xx_hal.o
                0x0000000020000130                uwTick
                0x0000000020000134                . = ALIGN (0x4)
                0x0000000020000134                _ebss = .
                0x0000000020000134                __bss_end__ = _ebss

._user_heap_stack
                0x0000000020000134      0x604 load address 0x00000000080170ac
                0x0000000020000138                . = ALIGN (0x8)
 *fill*         0x0000000020000134        0x4 
                [!provide]                        PROVIDE (end = .)
                0x0000000020000138                PROVIDE (_end = .)
                0x0000000020000338                . = (. + _Min_Heap_Size)
 *fill*         0x0000000020000138      0x200 
                0x0000000020000738                . = (. + _Min_Stack_Size)
 *fill*         0x0000000020000338      0x400 
                0x0000000020000738                . = ALIGN (0x8)

/DISCARD/
 libc.a(*)
 libm.a(*)
 libgcc.a(*)

.ARM.attributes
                0x0000000000000000       0x30
 *(.ARM.attributes)
 .ARM.attributes
                0x0000000000000000       0x1e c:/st/stm32cubeide_1.8.0/stm32cubeide/plugins/com.st.stm32cube.ide.mcu.externaltools.gnu-tools-for-stm32.9-2020-q2-update.win32_2.0.0.202105311346/tools/bin/../lib/gcc/arm-none-eabi/9.3.1/thumb/v7e-m+fp/hard/crti.o
 .ARM.attributes
                0x000000000000001e       0x34 c:/st/stm32cubeide_1.8.0/stm32cubeide/plugins/com.st.stm32cube.ide.mcu.externaltools.gnu-tools-for-stm32.9-2020-q2-update.win32_2.0.0.202105311346/tools/bin/../lib/gcc/arm-none-eabi/9.3.1/thumb/v7e-m+fp/hard/crtbegin.o
 .ARM.attributes
                0x0000000000000052       0x39 ./Core/Src/fonts.o
 .ARM.attributes
                0x000000000000008b       0x34 ./Core/Src/main.o
 .ARM.attributes
                0x00000000000000bf       0x34 ./Core/Src/st7735.o
 .ARM.attributes
                0x00000000000000f3       0x34 ./Core/Src/stm32f4xx_hal_msp.o
 .ARM.attributes
                0x0000000000000127       0x34 ./Core/Src/stm32f4xx_it.o
 .ARM.attributes
                0x000000000000015b       0x34 ./Core/Src/system_stm32f4xx.o
 .ARM.attributes
                0x000000000000018f       0x21 ./Core/Startup/startup_stm32f411retx.o
 .ARM.attributes
                0x00000000000001b0       0x34 ./Drivers/STM32F4xx_HAL_Driver/Src/stm32f4xx_hal.o
 .ARM.attributes
                0x00000000000001e4       0x34 ./Drivers/STM32F4xx_HAL_Driver/Src/stm32f4xx_hal_cortex.o
 .ARM.attributes
                0x0000000000000218       0x34 ./Drivers/STM32F4xx_HAL_Driver/Src/stm32f4xx_hal_gpio.o
 .ARM.attributes
                0x000000000000024c       0x34 ./Drivers/STM32F4xx_HAL_Driver/Src/stm32f4xx_hal_rcc.o
 .ARM.attributes
                0x0000000000000280       0x34 ./Drivers/STM32F4xx_HAL_Driver/Src/stm32f4xx_hal_spi.o
 .ARM.attributes
                0x00000000000002b4       0x34 ./Drivers/STM32F4xx_HAL_Driver/Src/stm32f4xx_hal_tim.o
 .ARM.attributes
                0x00000000000002e8       0x34 ./Drivers/STM32F4xx_HAL_Driver/Src/stm32f4xx_hal_tim_ex.o
 .ARM.attributes
                0x000000000000031c       0x34 ./Drivers/STM32F4xx_HAL_Driver/Src/stm32f4xx_hal_uart.o
 .ARM.attributes
                0x0000000000000350       0x34 c:/st/stm32cubeide_1.8.0/stm32cubeide/plugins/com.st.stm32cube.ide.mcu.externaltools.gnu-tools-for-stm32.9-2020-q2-update.win32_2.0.0.202105311346/tools/bin/../lib/gcc/arm-none-eabi/9.3.1/../../../../arm-none-eabi/lib/thumb/v7e-m+fp/hard\libc_nano.a(lib_a-init.o)
 .ARM.attributes
                0x0000000000000384       0x34 c:/st/stm32cubeide_1.8.0/stm32cubeide/plugins/com.st.stm32cube.ide.mcu.externaltools.gnu-tools-for-stm32.9-2020-q2-update.win32_2.0.0.202105311346/tools/bin/../lib/gcc/arm-none-eabi/9.3.1/../../../../arm-none-eabi/lib/thumb/v7e-m+fp/hard\libc_nano.a(lib_a-itoa.o)
 .ARM.attributes
                0x00000000000003b8       0x34 c:/st/stm32cubeide_1.8.0/stm32cubeide/plugins/com.st.stm32cube.ide.mcu.externaltools.gnu-tools-for-stm32.9-2020-q2-update.win32_2.0.0.202105311346/tools/bin/../lib/gcc/arm-none-eabi/9.3.1/../../../../arm-none-eabi/lib/thumb/v7e-m+fp/hard\libc_nano.a(lib_a-memcpy-stub.o)
 .ARM.attributes
                0x00000000000003ec       0x34 c:/st/stm32cubeide_1.8.0/stm32cubeide/plugins/com.st.stm32cube.ide.mcu.externaltools.gnu-tools-for-stm32.9-2020-q2-update.win32_2.0.0.202105311346/tools/bin/../lib/gcc/arm-none-eabi/9.3.1/../../../../arm-none-eabi/lib/thumb/v7e-m+fp/hard\libc_nano.a(lib_a-memset.o)
 .ARM.attributes
                0x0000000000000420       0x34 c:/st/stm32cubeide_1.8.0/stm32cubeide/plugins/com.st.stm32cube.ide.mcu.externaltools.gnu-tools-for-stm32.9-2020-q2-update.win32_2.0.0.202105311346/tools/bin/../lib/gcc/arm-none-eabi/9.3.1/../../../../arm-none-eabi/lib/thumb/v7e-m+fp/hard\libc_nano.a(lib_a-utoa.o)
 .ARM.attributes
                0x0000000000000454       0x1e c:/st/stm32cubeide_1.8.0/stm32cubeide/plugins/com.st.stm32cube.ide.mcu.externaltools.gnu-tools-for-stm32.9-2020-q2-update.win32_2.0.0.202105311346/tools/bin/../lib/gcc/arm-none-eabi/9.3.1/thumb/v7e-m+fp/hard\libgcc.a(_aeabi_uldivmod.o)
 .ARM.attributes
                0x0000000000000472       0x34 c:/st/stm32cubeide_1.8.0/stm32cubeide/plugins/com.st.stm32cube.ide.mcu.externaltools.gnu-tools-for-stm32.9-2020-q2-update.win32_2.0.0.202105311346/tools/bin/../lib/gcc/arm-none-eabi/9.3.1/thumb/v7e-m+fp/hard\libgcc.a(_udivmoddi4.o)
 .ARM.attributes
                0x00000000000004a6       0x1e c:/st/stm32cubeide_1.8.0/stm32cubeide/plugins/com.st.stm32cube.ide.mcu.externaltools.gnu-tools-for-stm32.9-2020-q2-update.win32_2.0.0.202105311346/tools/bin/../lib/gcc/arm-none-eabi/9.3.1/thumb/v7e-m+fp/hard\libgcc.a(_dvmd_tls.o)
 .ARM.attributes
                0x00000000000004c4       0x1e c:/st/stm32cubeide_1.8.0/stm32cubeide/plugins/com.st.stm32cube.ide.mcu.externaltools.gnu-tools-for-stm32.9-2020-q2-update.win32_2.0.0.202105311346/tools/bin/../lib/gcc/arm-none-eabi/9.3.1/thumb/v7e-m+fp/hard/crtn.o
OUTPUT(FisA80STM.elf elf32-littlearm)
LOAD linker stubs
LOAD c:/st/stm32cubeide_1.8.0/stm32cubeide/plugins/com.st.stm32cube.ide.mcu.externaltools.gnu-tools-for-stm32.9-2020-q2-update.win32_2.0.0.202105311346/tools/bin/../lib/gcc/arm-none-eabi/9.3.1/../../../../arm-none-eabi/lib/thumb/v7e-m+fp/hard\libc.a
LOAD c:/st/stm32cubeide_1.8.0/stm32cubeide/plugins/com.st.stm32cube.ide.mcu.externaltools.gnu-tools-for-stm32.9-2020-q2-update.win32_2.0.0.202105311346/tools/bin/../lib/gcc/arm-none-eabi/9.3.1/../../../../arm-none-eabi/lib/thumb/v7e-m+fp/hard\libm.a
LOAD c:/st/stm32cubeide_1.8.0/stm32cubeide/plugins/com.st.stm32cube.ide.mcu.externaltools.gnu-tools-for-stm32.9-2020-q2-update.win32_2.0.0.202105311346/tools/bin/../lib/gcc/arm-none-eabi/9.3.1/thumb/v7e-m+fp/hard\libgcc.a

.debug_info     0x0000000000000000     0xfd81
 .debug_info    0x0000000000000000      0x1ae ./Core/Src/fonts.o
 .debug_info    0x00000000000001ae     0x21ac ./Core/Src/main.o
 .debug_info    0x000000000000235a      0xca3 ./Core/Src/st7735.o
 .debug_info    0x0000000000002ffd     0x1113 ./Core/Src/stm32f4xx_hal_msp.o
 .debug_info    0x0000000000004110      0x192 ./Core/Src/stm32f4xx_it.o
 .debug_info    0x00000000000042a2      0x5d0 ./Core/Src/system_stm32f4xx.o
 .debug_info    0x0000000000004872       0x22 ./Core/Startup/startup_stm32f411retx.o
 .debug_info    0x0000000000004894      0x944 ./Drivers/STM32F4xx_HAL_Driver/Src/stm32f4xx_hal.o
 .debug_info    0x00000000000051d8      0xe47 ./Drivers/STM32F4xx_HAL_Driver/Src/stm32f4xx_hal_cortex.o
 .debug_info    0x000000000000601f      0x862 ./Drivers/STM32F4xx_HAL_Driver/Src/stm32f4xx_hal_gpio.o
 .debug_info    0x0000000000006881      0x9be ./Drivers/STM32F4xx_HAL_Driver/Src/stm32f4xx_hal_rcc.o
 .debug_info    0x000000000000723f     0x17b8 ./Drivers/STM32F4xx_HAL_Driver/Src/stm32f4xx_hal_spi.o
 .debug_info    0x00000000000089f7     0x2c1a ./Drivers/STM32F4xx_HAL_Driver/Src/stm32f4xx_hal_tim.o
 .debug_info    0x000000000000b611     0x159a ./Drivers/STM32F4xx_HAL_Driver/Src/stm32f4xx_hal_tim_ex.o
 .debug_info    0x000000000000cbab     0x31d6 ./Drivers/STM32F4xx_HAL_Driver/Src/stm32f4xx_hal_uart.o

.debug_abbrev   0x0000000000000000     0x1ea7
 .debug_abbrev  0x0000000000000000       0xad ./Core/Src/fonts.o
 .debug_abbrev  0x00000000000000ad      0x3c8 ./Core/Src/main.o
 .debug_abbrev  0x0000000000000475      0x254 ./Core/Src/st7735.o
 .debug_abbrev  0x00000000000006c9      0x1bf ./Core/Src/stm32f4xx_hal_msp.o
 .debug_abbrev  0x0000000000000888       0xb8 ./Core/Src/stm32f4xx_it.o
 .debug_abbrev  0x0000000000000940      0x145 ./Core/Src/system_stm32f4xx.o
 .debug_abbrev  0x0000000000000a85       0x12 ./Core/Startup/startup_stm32f411retx.o
 .debug_abbrev  0x0000000000000a97      0x21e ./Drivers/STM32F4xx_HAL_Driver/Src/stm32f4xx_hal.o
 .debug_abbrev  0x0000000000000cb5      0x33c ./Drivers/STM32F4xx_HAL_Driver/Src/stm32f4xx_hal_cortex.o
 .debug_abbrev  0x0000000000000ff1      0x1f1 ./Drivers/STM32F4xx_HAL_Driver/Src/stm32f4xx_hal_gpio.o
 .debug_abbrev  0x00000000000011e2      0x275 ./Drivers/STM32F4xx_HAL_Driver/Src/stm32f4xx_hal_rcc.o
 .debug_abbrev  0x0000000000001457      0x26e ./Drivers/STM32F4xx_HAL_Driver/Src/stm32f4xx_hal_spi.o
 .debug_abbrev  0x00000000000016c5      0x26f ./Drivers/STM32F4xx_HAL_Driver/Src/stm32f4xx_hal_tim.o
 .debug_abbrev  0x0000000000001934      0x277 ./Drivers/STM32F4xx_HAL_Driver/Src/stm32f4xx_hal_tim_ex.o
 .debug_abbrev  0x0000000000001bab      0x2fc ./Drivers/STM32F4xx_HAL_Driver/Src/stm32f4xx_hal_uart.o

.debug_aranges  0x0000000000000000      0xe18
 .debug_aranges
                0x0000000000000000       0x18 ./Core/Src/fonts.o
 .debug_aranges
                0x0000000000000018       0xc0 ./Core/Src/main.o
 .debug_aranges
                0x00000000000000d8       0x90 ./Core/Src/st7735.o
 .debug_aranges
                0x0000000000000168       0x50 ./Core/Src/stm32f4xx_hal_msp.o
 .debug_aranges
                0x00000000000001b8       0x20 ./Core/Src/stm32f4xx_it.o
 .debug_aranges
                0x00000000000001d8       0x28 ./Core/Src/system_stm32f4xx.o
 .debug_aranges
                0x0000000000000200       0x28 ./Core/Startup/startup_stm32f411retx.o
 .debug_aranges
                0x0000000000000228       0xf0 ./Drivers/STM32F4xx_HAL_Driver/Src/stm32f4xx_hal.o
 .debug_aranges
                0x0000000000000318      0x118 ./Drivers/STM32F4xx_HAL_Driver/Src/stm32f4xx_hal_cortex.o
 .debug_aranges
                0x0000000000000430       0x58 ./Drivers/STM32F4xx_HAL_Driver/Src/stm32f4xx_hal_gpio.o
 .debug_aranges
                0x0000000000000488       0x88 ./Drivers/STM32F4xx_HAL_Driver/Src/stm32f4xx_hal_rcc.o
 .debug_aranges
                0x0000000000000510      0x1d0 ./Drivers/STM32F4xx_HAL_Driver/Src/stm32f4xx_hal_spi.o
 .debug_aranges
                0x00000000000006e0      0x3d0 ./Drivers/STM32F4xx_HAL_Driver/Src/stm32f4xx_hal_tim.o
 .debug_aranges
                0x0000000000000ab0      0x168 ./Drivers/STM32F4xx_HAL_Driver/Src/stm32f4xx_hal_tim_ex.o
 .debug_aranges
                0x0000000000000c18      0x200 ./Drivers/STM32F4xx_HAL_Driver/Src/stm32f4xx_hal_uart.o

.debug_macro    0x0000000000000000    0x1669c
 .debug_macro   0x0000000000000000       0x6d ./Core/Src/fonts.o
 .debug_macro   0x000000000000006d      0xaa8 ./Core/Src/fonts.o
 .debug_macro   0x0000000000000b15       0x22 ./Core/Src/fonts.o
 .debug_macro   0x0000000000000b37       0x8e ./Core/Src/fonts.o
 .debug_macro   0x0000000000000bc5       0x51 ./Core/Src/fonts.o
 .debug_macro   0x0000000000000c16      0x103 ./Core/Src/fonts.o
 .debug_macro   0x0000000000000d19       0x6a ./Core/Src/fonts.o
 .debug_macro   0x0000000000000d83      0x1df ./Core/Src/fonts.o
 .debug_macro   0x0000000000000f62      0x2df ./Core/Src/main.o
 .debug_macro   0x0000000000001241      0x2a1 ./Core/Src/main.o
 .debug_macro   0x00000000000014e2       0x2e ./Core/Src/main.o
 .debug_macro   0x0000000000001510       0x28 ./Core/Src/main.o
 .debug_macro   0x0000000000001538       0x1c ./Core/Src/main.o
 .debug_macro   0x0000000000001554       0x22 ./Core/Src/main.o
 .debug_macro   0x0000000000001576       0xdf ./Core/Src/main.o
 .debug_macro   0x0000000000001655     0x102d ./Core/Src/main.o
 .debug_macro   0x0000000000002682      0x11f ./Core/Src/main.o
 .debug_macro   0x00000000000027a1     0xb953 ./Core/Src/main.o
 .debug_macro   0x000000000000e0f4       0x6d ./Core/Src/main.o
 .debug_macro   0x000000000000e161     0x3666 ./Core/Src/main.o
 .debug_macro   0x00000000000117c7      0x174 ./Core/Src/main.o
 .debug_macro   0x000000000001193b       0x5c ./Core/Src/main.o
 .debug_macro   0x0000000000011997      0x447 ./Core/Src/main.o
 .debug_macro   0x0000000000011dde      0x9fe ./Core/Src/main.o
 .debug_macro   0x00000000000127dc      0x116 ./Core/Src/main.o
 .debug_macro   0x00000000000128f2      0x11b ./Core/Src/main.o
 .debug_macro   0x0000000000012a0d       0xa5 ./Core/Src/main.o
 .debug_macro   0x0000000000012ab2      0x15f ./Core/Src/main.o
 .debug_macro   0x0000000000012c11      0x287 ./Core/Src/main.o
 .debug_macro   0x0000000000012e98       0x5f ./Core/Src/main.o
 .debug_macro   0x0000000000012ef7      0x236 ./Core/Src/main.o
 .debug_macro   0x000000000001312d      0x132 ./Core/Src/main.o
 .debug_macro   0x000000000001325f      0x264 ./Core/Src/main.o
 .debug_macro   0x00000000000134c3       0x2e ./Core/Src/main.o
 .debug_macro   0x00000000000134f1      0x11a ./Core/Src/main.o
 .debug_macro   0x000000000001360b       0x85 ./Core/Src/main.o
 .debug_macro   0x0000000000013690       0x89 ./Core/Src/main.o
 .debug_macro   0x0000000000013719      0x225 ./Core/Src/main.o
 .debug_macro   0x000000000001393e      0x8d1 ./Core/Src/main.o
 .debug_macro   0x000000000001420f       0x47 ./Core/Src/main.o
 .debug_macro   0x0000000000014256      0x295 ./Core/Src/main.o
 .debug_macro   0x00000000000144eb      0x126 ./Core/Src/main.o
 .debug_macro   0x0000000000014611       0x7c ./Core/Src/main.o
 .debug_macro   0x000000000001468d       0x52 ./Core/Src/main.o
 .debug_macro   0x00000000000146df       0x18 ./Core/Src/main.o
 .debug_macro   0x00000000000146f7       0x3c ./Core/Src/main.o
 .debug_macro   0x0000000000014733       0x34 ./Core/Src/main.o
 .debug_macro   0x0000000000014767       0x16 ./Core/Src/main.o
 .debug_macro   0x000000000001477d       0x43 ./Core/Src/main.o
 .debug_macro   0x00000000000147c0       0x34 ./Core/Src/main.o
 .debug_macro   0x00000000000147f4       0x10 ./Core/Src/main.o
 .debug_macro   0x0000000000014804       0x58 ./Core/Src/main.o
 .debug_macro   0x000000000001485c       0x71 ./Core/Src/main.o
 .debug_macro   0x00000000000148cd       0x1c ./Core/Src/main.o
 .debug_macro   0x00000000000148e9      0x12a ./Core/Src/main.o
 .debug_macro   0x0000000000014a13      0x333 ./Core/Src/main.o
 .debug_macro   0x0000000000014d46       0x10 ./Core/Src/main.o
 .debug_macro   0x0000000000014d56       0x35 ./Core/Src/main.o
 .debug_macro   0x0000000000014d8b       0x20 ./Core/Src/main.o
 .debug_macro   0x0000000000014dab       0x22 ./Core/Src/main.o
 .debug_macro   0x0000000000014dcd      0x1be ./Core/Src/main.o
 .debug_macro   0x0000000000014f8b      0x200 ./Core/Src/st7735.o
 .debug_macro   0x000000000001518b      0x1e7 ./Core/Src/stm32f4xx_hal_msp.o
 .debug_macro   0x0000000000015372      0x1f1 ./Core/Src/stm32f4xx_it.o
 .debug_macro   0x0000000000015563      0x1de ./Core/Src/system_stm32f4xx.o
 .debug_macro   0x0000000000015741      0x238 ./Drivers/STM32F4xx_HAL_Driver/Src/stm32f4xx_hal.o
 .debug_macro   0x0000000000015979      0x1d8 ./Drivers/STM32F4xx_HAL_Driver/Src/stm32f4xx_hal_cortex.o
 .debug_macro   0x0000000000015b51      0x1de ./Drivers/STM32F4xx_HAL_Driver/Src/stm32f4xx_hal_gpio.o
 .debug_macro   0x0000000000015d2f      0x1fc ./Drivers/STM32F4xx_HAL_Driver/Src/stm32f4xx_hal_rcc.o
 .debug_macro   0x0000000000015f2b      0x1e7 ./Drivers/STM32F4xx_HAL_Driver/Src/stm32f4xx_hal_spi.o
 .debug_macro   0x0000000000016112      0x1d9 ./Drivers/STM32F4xx_HAL_Driver/Src/stm32f4xx_hal_tim.o
 .debug_macro   0x00000000000162eb      0x1d8 ./Drivers/STM32F4xx_HAL_Driver/Src/stm32f4xx_hal_tim_ex.o
 .debug_macro   0x00000000000164c3      0x1d9 ./Drivers/STM32F4xx_HAL_Driver/Src/stm32f4xx_hal_uart.o

.debug_line     0x0000000000000000     0xf6fa
 .debug_line    0x0000000000000000      0x37e ./Core/Src/fonts.o
 .debug_line    0x000000000000037e      0xf88 ./Core/Src/main.o
 .debug_line    0x0000000000001306      0xa3d ./Core/Src/st7735.o
 .debug_line    0x0000000000001d43      0x7c5 ./Core/Src/stm32f4xx_hal_msp.o
 .debug_line    0x0000000000002508      0x6ea ./Core/Src/stm32f4xx_it.o
 .debug_line    0x0000000000002bf2      0x780 ./Core/Src/system_stm32f4xx.o
 .debug_line    0x0000000000003372       0x86 ./Core/Startup/startup_stm32f411retx.o
 .debug_line    0x00000000000033f8      0x9c5 ./Drivers/STM32F4xx_HAL_Driver/Src/stm32f4xx_hal.o
 .debug_line    0x0000000000003dbd      0xc74 ./Drivers/STM32F4xx_HAL_Driver/Src/stm32f4xx_hal_cortex.o
 .debug_line    0x0000000000004a31      0xaff ./Drivers/STM32F4xx_HAL_Driver/Src/stm32f4xx_hal_gpio.o
 .debug_line    0x0000000000005530      0xd41 ./Drivers/STM32F4xx_HAL_Driver/Src/stm32f4xx_hal_rcc.o
 .debug_line    0x0000000000006271     0x1c4d ./Drivers/STM32F4xx_HAL_Driver/Src/stm32f4xx_hal_spi.o
 .debug_line    0x0000000000007ebe     0x3493 ./Drivers/STM32F4xx_HAL_Driver/Src/stm32f4xx_hal_tim.o
 .debug_line    0x000000000000b351     0x195d ./Drivers/STM32F4xx_HAL_Driver/Src/stm32f4xx_hal_tim_ex.o
 .debug_line    0x000000000000ccae     0x2a4c ./Drivers/STM32F4xx_HAL_Driver/Src/stm32f4xx_hal_uart.o

.debug_str      0x0000000000000000    0x8f388
 .debug_str     0x0000000000000000     0x3bdd ./Core/Src/fonts.o
                                       0x3d53 (size before relaxing)
 .debug_str     0x0000000000003bdd    0x885c8 ./Core/Src/main.o
                                      0x8c595 (size before relaxing)
 .debug_str     0x000000000008c1a5      0x18c ./Core/Src/st7735.o
                                      0x88a4c (size before relaxing)
 .debug_str     0x000000000008c331       0xbc ./Core/Src/stm32f4xx_hal_msp.o
                                      0x88a8d (size before relaxing)
 .debug_str     0x000000000008c3ed       0x3d ./Core/Src/stm32f4xx_it.o
                                      0x87ffd (size before relaxing)
 .debug_str     0x000000000008c42a       0xc4 ./Core/Src/system_stm32f4xx.o
                                      0x87fd3 (size before relaxing)
 .debug_str     0x000000000008c4ee       0x36 ./Core/Startup/startup_stm32f411retx.o
                                         0x6d (size before relaxing)
 .debug_str     0x000000000008c524      0x90f ./Drivers/STM32F4xx_HAL_Driver/Src/stm32f4xx_hal.o
                                      0x88948 (size before relaxing)
 .debug_str     0x000000000008ce33      0x399 ./Drivers/STM32F4xx_HAL_Driver/Src/stm32f4xx_hal_cortex.o
                                      0x88725 (size before relaxing)
 .debug_str     0x000000000008d1cc      0x15f ./Drivers/STM32F4xx_HAL_Driver/Src/stm32f4xx_hal_gpio.o
                                      0x88165 (size before relaxing)
 .debug_str     0x000000000008d32b      0x259 ./Drivers/STM32F4xx_HAL_Driver/Src/stm32f4xx_hal_rcc.o
                                      0x883c0 (size before relaxing)
 .debug_str     0x000000000008d584      0x57a ./Drivers/STM32F4xx_HAL_Driver/Src/stm32f4xx_hal_spi.o
                                      0x88850 (size before relaxing)
 .debug_str     0x000000000008dafe      0xdac ./Drivers/STM32F4xx_HAL_Driver/Src/stm32f4xx_hal_tim.o
                                      0x892db (size before relaxing)
 .debug_str     0x000000000008e8aa      0x4ee ./Drivers/STM32F4xx_HAL_Driver/Src/stm32f4xx_hal_tim_ex.o
                                      0x88a8c (size before relaxing)
 .debug_str     0x000000000008ed98      0x5f0 ./Drivers/STM32F4xx_HAL_Driver/Src/stm32f4xx_hal_uart.o
                                      0x88934 (size before relaxing)

.comment        0x0000000000000000       0x53
 .comment       0x0000000000000000       0x53 ./Core/Src/fonts.o
                                         0x54 (size before relaxing)
 .comment       0x0000000000000053       0x54 ./Core/Src/main.o
 .comment       0x0000000000000053       0x54 ./Core/Src/st7735.o
 .comment       0x0000000000000053       0x54 ./Core/Src/stm32f4xx_hal_msp.o
 .comment       0x0000000000000053       0x54 ./Core/Src/stm32f4xx_it.o
 .comment       0x0000000000000053       0x54 ./Core/Src/system_stm32f4xx.o
 .comment       0x0000000000000053       0x54 ./Drivers/STM32F4xx_HAL_Driver/Src/stm32f4xx_hal.o
 .comment       0x0000000000000053       0x54 ./Drivers/STM32F4xx_HAL_Driver/Src/stm32f4xx_hal_cortex.o
 .comment       0x0000000000000053       0x54 ./Drivers/STM32F4xx_HAL_Driver/Src/stm32f4xx_hal_gpio.o
 .comment       0x0000000000000053       0x54 ./Drivers/STM32F4xx_HAL_Driver/Src/stm32f4xx_hal_rcc.o
 .comment       0x0000000000000053       0x54 ./Drivers/STM32F4xx_HAL_Driver/Src/stm32f4xx_hal_spi.o
 .comment       0x0000000000000053       0x54 ./Drivers/STM32F4xx_HAL_Driver/Src/stm32f4xx_hal_tim.o
 .comment       0x0000000000000053       0x54 ./Drivers/STM32F4xx_HAL_Driver/Src/stm32f4xx_hal_tim_ex.o
 .comment       0x0000000000000053       0x54 ./Drivers/STM32F4xx_HAL_Driver/Src/stm32f4xx_hal_uart.o

.debug_ranges   0x0000000000000000      0xd58
 .debug_ranges  0x0000000000000000       0xb0 ./Core/Src/main.o
 .debug_ranges  0x00000000000000b0       0x80 ./Core/Src/st7735.o
 .debug_ranges  0x0000000000000130       0x40 ./Core/Src/stm32f4xx_hal_msp.o
 .debug_ranges  0x0000000000000170       0x10 ./Core/Src/stm32f4xx_it.o
 .debug_ranges  0x0000000000000180       0x18 ./Core/Src/system_stm32f4xx.o
 .debug_ranges  0x0000000000000198       0x20 ./Core/Startup/startup_stm32f411retx.o
 .debug_ranges  0x00000000000001b8       0xe0 ./Drivers/STM32F4xx_HAL_Driver/Src/stm32f4xx_hal.o
 .debug_ranges  0x0000000000000298      0x108 ./Drivers/STM32F4xx_HAL_Driver/Src/stm32f4xx_hal_cortex.o
 .debug_ranges  0x00000000000003a0       0x48 ./Drivers/STM32F4xx_HAL_Driver/Src/stm32f4xx_hal_gpio.o
 .debug_ranges  0x00000000000003e8       0x78 ./Drivers/STM32F4xx_HAL_Driver/Src/stm32f4xx_hal_rcc.o
 .debug_ranges  0x0000000000000460      0x1c0 ./Drivers/STM32F4xx_HAL_Driver/Src/stm32f4xx_hal_spi.o
 .debug_ranges  0x0000000000000620      0x3c0 ./Drivers/STM32F4xx_HAL_Driver/Src/stm32f4xx_hal_tim.o
 .debug_ranges  0x00000000000009e0      0x158 ./Drivers/STM32F4xx_HAL_Driver/Src/stm32f4xx_hal_tim_ex.o
 .debug_ranges  0x0000000000000b38      0x220 ./Drivers/STM32F4xx_HAL_Driver/Src/stm32f4xx_hal_uart.o

.debug_frame    0x0000000000000000     0x3ca4
 .debug_frame   0x0000000000000000      0x300 ./Core/Src/main.o
 .debug_frame   0x0000000000000300      0x234 ./Core/Src/st7735.o
 .debug_frame   0x0000000000000534      0x10c ./Core/Src/stm32f4xx_hal_msp.o
 .debug_frame   0x0000000000000640       0x2c ./Core/Src/stm32f4xx_it.o
 .debug_frame   0x000000000000066c       0x58 ./Core/Src/system_stm32f4xx.o
 .debug_frame   0x00000000000006c4      0x374 ./Drivers/STM32F4xx_HAL_Driver/Src/stm32f4xx_hal.o
 .debug_frame   0x0000000000000a38      0x498 ./Drivers/STM32F4xx_HAL_Driver/Src/stm32f4xx_hal_cortex.o
 .debug_frame   0x0000000000000ed0      0x14c ./Drivers/STM32F4xx_HAL_Driver/Src/stm32f4xx_hal_gpio.o
 .debug_frame   0x000000000000101c      0x1f0 ./Drivers/STM32F4xx_HAL_Driver/Src/stm32f4xx_hal_rcc.o
 .debug_frame   0x000000000000120c      0x824 ./Drivers/STM32F4xx_HAL_Driver/Src/stm32f4xx_hal_spi.o
 .debug_frame   0x0000000000001a30     0x11bc ./Drivers/STM32F4xx_HAL_Driver/Src/stm32f4xx_hal_tim.o
 .debug_frame   0x0000000000002bec      0x638 ./Drivers/STM32F4xx_HAL_Driver/Src/stm32f4xx_hal_tim_ex.o
 .debug_frame   0x0000000000003224      0x92c ./Drivers/STM32F4xx_HAL_Driver/Src/stm32f4xx_hal_uart.o
 .debug_frame   0x0000000000003b50       0x2c c:/st/stm32cubeide_1.8.0/stm32cubeide/plugins/com.st.stm32cube.ide.mcu.externaltools.gnu-tools-for-stm32.9-2020-q2-update.win32_2.0.0.202105311346/tools/bin/../lib/gcc/arm-none-eabi/9.3.1/../../../../arm-none-eabi/lib/thumb/v7e-m+fp/hard\libc_nano.a(lib_a-init.o)
 .debug_frame   0x0000000000003b7c       0x38 c:/st/stm32cubeide_1.8.0/stm32cubeide/plugins/com.st.stm32cube.ide.mcu.externaltools.gnu-tools-for-stm32.9-2020-q2-update.win32_2.0.0.202105311346/tools/bin/../lib/gcc/arm-none-eabi/9.3.1/../../../../arm-none-eabi/lib/thumb/v7e-m+fp/hard\libc_nano.a(lib_a-itoa.o)
 .debug_frame   0x0000000000003bb4       0x28 c:/st/stm32cubeide_1.8.0/stm32cubeide/plugins/com.st.stm32cube.ide.mcu.externaltools.gnu-tools-for-stm32.9-2020-q2-update.win32_2.0.0.202105311346/tools/bin/../lib/gcc/arm-none-eabi/9.3.1/../../../../arm-none-eabi/lib/thumb/v7e-m+fp/hard\libc_nano.a(lib_a-memcpy-stub.o)
 .debug_frame   0x0000000000003bdc       0x20 c:/st/stm32cubeide_1.8.0/stm32cubeide/plugins/com.st.stm32cube.ide.mcu.externaltools.gnu-tools-for-stm32.9-2020-q2-update.win32_2.0.0.202105311346/tools/bin/../lib/gcc/arm-none-eabi/9.3.1/../../../../arm-none-eabi/lib/thumb/v7e-m+fp/hard\libc_nano.a(lib_a-memset.o)
 .debug_frame   0x0000000000003bfc       0x48 c:/st/stm32cubeide_1.8.0/stm32cubeide/plugins/com.st.stm32cube.ide.mcu.externaltools.gnu-tools-for-stm32.9-2020-q2-update.win32_2.0.0.202105311346/tools/bin/../lib/gcc/arm-none-eabi/9.3.1/../../../../arm-none-eabi/lib/thumb/v7e-m+fp/hard\libc_nano.a(lib_a-utoa.o)
 .debug_frame   0x0000000000003c44       0x2c c:/st/stm32cubeide_1.8.0/stm32cubeide/plugins/com.st.stm32cube.ide.mcu.externaltools.gnu-tools-for-stm32.9-2020-q2-update.win32_2.0.0.202105311346/tools/bin/../lib/gcc/arm-none-eabi/9.3.1/thumb/v7e-m+fp/hard\libgcc.a(_aeabi_uldivmod.o)
 .debug_frame   0x0000000000003c70       0x34 c:/st/stm32cubeide_1.8.0/stm32cubeide/plugins/com.st.stm32cube.ide.mcu.externaltools.gnu-tools-for-stm32.9-2020-q2-update.win32_2.0.0.202105311346/tools/bin/../lib/gcc/arm-none-eabi/9.3.1/thumb/v7e-m+fp/hard\libgcc.a(_udivmoddi4.o)
