Archive member included to satisfy reference by file (symbol)

c:/st/stm32cubeide_1.8.0/stm32cubeide/plugins/com.st.stm32cube.ide.mcu.externaltools.gnu-tools-for-stm32.9-2020-q2-update.win32_2.0.0.202105311346/tools/bin/../lib/gcc/arm-none-eabi/9.3.1/../../../../arm-none-eabi/lib/thumb/v7e-m+fp/hard\libc_nano.a(lib_a-errno.o)
                              ./Core/Src/syscalls.o (__errno)
c:/st/stm32cubeide_1.8.0/stm32cubeide/plugins/com.st.stm32cube.ide.mcu.externaltools.gnu-tools-for-stm32.9-2020-q2-update.win32_2.0.0.202105311346/tools/bin/../lib/gcc/arm-none-eabi/9.3.1/../../../../arm-none-eabi/lib/thumb/v7e-m+fp/hard\libc_nano.a(lib_a-exit.o)
                              c:/st/stm32cubeide_1.8.0/stm32cubeide/plugins/com.st.stm32cube.ide.mcu.externaltools.gnu-tools-for-stm32.9-2020-q2-update.win32_2.0.0.202105311346/tools/bin/../lib/gcc/arm-none-eabi/9.3.1/../../../../arm-none-eabi/lib/thumb/v7e-m+fp/hard/crt0.o (exit)
c:/st/stm32cubeide_1.8.0/stm32cubeide/plugins/com.st.stm32cube.ide.mcu.externaltools.gnu-tools-for-stm32.9-2020-q2-update.win32_2.0.0.202105311346/tools/bin/../lib/gcc/arm-none-eabi/9.3.1/../../../../arm-none-eabi/lib/thumb/v7e-m+fp/hard\libc_nano.a(lib_a-impure.o)
                              c:/st/stm32cubeide_1.8.0/stm32cubeide/plugins/com.st.stm32cube.ide.mcu.externaltools.gnu-tools-for-stm32.9-2020-q2-update.win32_2.0.0.202105311346/tools/bin/../lib/gcc/arm-none-eabi/9.3.1/../../../../arm-none-eabi/lib/thumb/v7e-m+fp/hard\libc_nano.a(lib_a-exit.o) (_global_impure_ptr)
c:/st/stm32cubeide_1.8.0/stm32cubeide/plugins/com.st.stm32cube.ide.mcu.externaltools.gnu-tools-for-stm32.9-2020-q2-update.win32_2.0.0.202105311346/tools/bin/../lib/gcc/arm-none-eabi/9.3.1/../../../../arm-none-eabi/lib/thumb/v7e-m+fp/hard\libc_nano.a(lib_a-init.o)
                              c:/st/stm32cubeide_1.8.0/stm32cubeide/plugins/com.st.stm32cube.ide.mcu.externaltools.gnu-tools-for-stm32.9-2020-q2-update.win32_2.0.0.202105311346/tools/bin/../lib/gcc/arm-none-eabi/9.3.1/../../../../arm-none-eabi/lib/thumb/v7e-m+fp/hard/crt0.o (__libc_init_array)
c:/st/stm32cubeide_1.8.0/stm32cubeide/plugins/com.st.stm32cube.ide.mcu.externaltools.gnu-tools-for-stm32.9-2020-q2-update.win32_2.0.0.202105311346/tools/bin/../lib/gcc/arm-none-eabi/9.3.1/../../../../arm-none-eabi/lib/thumb/v7e-m+fp/hard\libc_nano.a(lib_a-itoa.o)
                              ./Core/Src/main.o (itoa)
c:/st/stm32cubeide_1.8.0/stm32cubeide/plugins/com.st.stm32cube.ide.mcu.externaltools.gnu-tools-for-stm32.9-2020-q2-update.win32_2.0.0.202105311346/tools/bin/../lib/gcc/arm-none-eabi/9.3.1/../../../../arm-none-eabi/lib/thumb/v7e-m+fp/hard\libc_nano.a(lib_a-memcpy-stub.o)
                              ./Core/Src/main.o (memcpy)
c:/st/stm32cubeide_1.8.0/stm32cubeide/plugins/com.st.stm32cube.ide.mcu.externaltools.gnu-tools-for-stm32.9-2020-q2-update.win32_2.0.0.202105311346/tools/bin/../lib/gcc/arm-none-eabi/9.3.1/../../../../arm-none-eabi/lib/thumb/v7e-m+fp/hard\libc_nano.a(lib_a-memset.o)
                              c:/st/stm32cubeide_1.8.0/stm32cubeide/plugins/com.st.stm32cube.ide.mcu.externaltools.gnu-tools-for-stm32.9-2020-q2-update.win32_2.0.0.202105311346/tools/bin/../lib/gcc/arm-none-eabi/9.3.1/../../../../arm-none-eabi/lib/thumb/v7e-m+fp/hard/crt0.o (memset)
c:/st/stm32cubeide_1.8.0/stm32cubeide/plugins/com.st.stm32cube.ide.mcu.externaltools.gnu-tools-for-stm32.9-2020-q2-update.win32_2.0.0.202105311346/tools/bin/../lib/gcc/arm-none-eabi/9.3.1/../../../../arm-none-eabi/lib/thumb/v7e-m+fp/hard\libc_nano.a(lib_a-utoa.o)
                              c:/st/stm32cubeide_1.8.0/stm32cubeide/plugins/com.st.stm32cube.ide.mcu.externaltools.gnu-tools-for-stm32.9-2020-q2-update.win32_2.0.0.202105311346/tools/bin/../lib/gcc/arm-none-eabi/9.3.1/../../../../arm-none-eabi/lib/thumb/v7e-m+fp/hard\libc_nano.a(lib_a-itoa.o) (__utoa)
c:/st/stm32cubeide_1.8.0/stm32cubeide/plugins/com.st.stm32cube.ide.mcu.externaltools.gnu-tools-for-stm32.9-2020-q2-update.win32_2.0.0.202105311346/tools/bin/../lib/gcc/arm-none-eabi/9.3.1/thumb/v7e-m+fp/hard\libgcc.a(_aeabi_uldivmod.o)
                              ./Drivers/STM32F4xx_HAL_Driver/Src/stm32f4xx_hal_rcc.o (__aeabi_uldivmod)
c:/st/stm32cubeide_1.8.0/stm32cubeide/plugins/com.st.stm32cube.ide.mcu.externaltools.gnu-tools-for-stm32.9-2020-q2-update.win32_2.0.0.202105311346/tools/bin/../lib/gcc/arm-none-eabi/9.3.1/thumb/v7e-m+fp/hard\libgcc.a(_udivmoddi4.o)
                              c:/st/stm32cubeide_1.8.0/stm32cubeide/plugins/com.st.stm32cube.ide.mcu.externaltools.gnu-tools-for-stm32.9-2020-q2-update.win32_2.0.0.202105311346/tools/bin/../lib/gcc/arm-none-eabi/9.3.1/thumb/v7e-m+fp/hard\libgcc.a(_aeabi_uldivmod.o) (__udivmoddi4)
c:/st/stm32cubeide_1.8.0/stm32cubeide/plugins/com.st.stm32cube.ide.mcu.externaltools.gnu-tools-for-stm32.9-2020-q2-update.win32_2.0.0.202105311346/tools/bin/../lib/gcc/arm-none-eabi/9.3.1/thumb/v7e-m+fp/hard\libgcc.a(_dvmd_tls.o)
[...]
Memory Configuration

Name             Origin             Length             Attributes
RAM              0x0000000020000000 0x0000000000020000 xrw
FLASH            0x0000000008000000 0x0000000000080000 xr
*default*        0x0000000000000000 0xffffffffffffffff

Linker script and memory map

LOAD c:/st/stm32cubeide_1.8.0/stm32cubeide/plugins/com.st.stm32cube.ide.mcu.externaltools.gnu-tools-for-stm32.9-2020-q2-update.win32_2.0.0.202105311346/tools/bin/../lib/gcc/arm-none-eabi/9.3.1/thumb/v7e-m+fp/hard/crti.o
LOAD c:/st/stm32cubeide_1.8.0/stm32cubeide/plugins/com.st.stm32cube.ide.mcu.externaltools.gnu-tools-for-stm32.9-2020-q2-update.win32_2.0.0.202105311346/tools/bin/../lib/gcc/arm-none-eabi/9.3.1/thumb/v7e-m+fp/hard/crtbegin.o
LOAD c:/st/stm32cubeide_1.8.0/stm32cubeide/plugins/com.st.stm32cube.ide.mcu.externaltools.gnu-tools-for-stm32.9-2020-q2-update.win32_2.0.0.202105311346/tools/bin/../lib/gcc/arm-none-eabi/9.3.1/../../../../arm-none-eabi/lib/thumb/v7e-m+fp/hard/crt0.o
LOAD ./Core/Src/fonts.o
LOAD ./Core/Src/main.o
LOAD ./Core/Src/st7735.o
LOAD ./Core/Src/stm32f4xx_hal_msp.o
LOAD ./Core/Src/stm32f4xx_it.o
LOAD ./Core/Src/syscalls.o
LOAD ./Core/Src/sysmem.o
LOAD ./Core/Src/system_stm32f4xx.o
LOAD ./Core/Startup/startup_stm32f411retx.o
LOAD ./Drivers/STM32F4xx_HAL_Driver/Src/stm32f4xx_hal.o
LOAD ./Drivers/STM32F4xx_HAL_Driver/Src/stm32f4xx_hal_cortex.o
LOAD ./Drivers/STM32F4xx_HAL_Driver/Src/stm32f4xx_hal_dma.o
LOAD ./Drivers/STM32F4xx_HAL_Driver/Src/stm32f4xx_hal_dma_ex.o
LOAD ./Drivers/STM32F4xx_HAL_Driver/Src/stm32f4xx_hal_exti.o
LOAD ./Drivers/STM32F4xx_HAL_Driver/Src/stm32f4xx_hal_flash.o
LOAD ./Drivers/STM32F4xx_HAL_Driver/Src/stm32f4xx_hal_flash_ex.o
LOAD ./Drivers/STM32F4xx_HAL_Driver/Src/stm32f4xx_hal_flash_ramfunc.o
LOAD ./Drivers/STM32F4xx_HAL_Driver/Src/stm32f4xx_hal_gpio.o
LOAD ./Drivers/STM32F4xx_HAL_Driver/Src/stm32f4xx_hal_pwr.o
LOAD ./Drivers/STM32F4xx_HAL_Driver/Src/stm32f4xx_hal_pwr_ex.o
LOAD ./Drivers/STM32F4xx_HAL_Driver/Src/stm32f4xx_hal_rcc.o
LOAD ./Drivers/STM32F4xx_HAL_Driver/Src/stm32f4xx_hal_rcc_ex.o
LOAD ./Drivers/STM32F4xx_HAL_Driver/Src/stm32f4xx_hal_spi.o
LOAD ./Drivers/STM32F4xx_HAL_Driver/Src/stm32f4xx_hal_tim.o
LOAD ./Drivers/STM32F4xx_HAL_Driver/Src/stm32f4xx_hal_tim_ex.o
LOAD ./Drivers/STM32F4xx_HAL_Driver/Src/stm32f4xx_hal_uart.o
START GROUP
LOAD c:/st/stm32cubeide_1.8.0/stm32cubeide/plugins/com.st.stm32cube.ide.mcu.externaltools.gnu-tools-for-stm32.9-2020-q2-update.win32_2.0.0.202105311346/tools/bin/../lib/gcc/arm-none-eabi/9.3.1/../../../../arm-none-eabi/lib/thumb/v7e-m+fp/hard\libc_nano.a
LOAD c:/st/stm32cubeide_1.8.0/stm32cubeide/plugins/com.st.stm32cube.ide.mcu.externaltools.gnu-tools-for-stm32.9-2020-q2-update.win32_2.0.0.202105311346/tools/bin/../lib/gcc/arm-none-eabi/9.3.1/../../../../arm-none-eabi/lib/thumb/v7e-m+fp/hard\libm.a
END GROUP
START GROUP
LOAD c:/st/stm32cubeide_1.8.0/stm32cubeide/plugins/com.st.stm32cube.ide.mcu.externaltools.gnu-tools-for-stm32.9-2020-q2-update.win32_2.0.0.202105311346/tools/bin/../lib/gcc/arm-none-eabi/9.3.1/thumb/v7e-m+fp/hard\libgcc.a
LOAD c:/st/stm32cubeide_1.8.0/stm32cubeide/plugins/com.st.stm32cube.ide.mcu.externaltools.gnu-tools-for-stm32.9-2020-q2-update.win32_2.0.0.202105311346/tools/bin/../lib/gcc/arm-none-eabi/9.3.1/../../../../arm-none-eabi/lib/thumb/v7e-m+fp/hard\libc_nano.a
END GROUP
START GROUP
LOAD c:/st/stm32cubeide_1.8.0/stm32cubeide/plugins/com.st.stm32cube.ide.mcu.externaltools.gnu-tools-for-stm32.9-2020-q2-update.win32_2.0.0.202105311346/tools/bin/../lib/gcc/arm-none-eabi/9.3.1/thumb/v7e-m+fp/hard\libgcc.a
LOAD c:/st/stm32cubeide_1.8.0/stm32cubeide/plugins/com.st.stm32cube.ide.mcu.externaltools.gnu-tools-for-stm32.9-2020-q2-update.win32_2.0.0.202105311346/tools/bin/../lib/gcc/arm-none-eabi/9.3.1/../../../../arm-none-eabi/lib/thumb/v7e-m+fp/hard\libc_nano.a
LOAD c:/st/stm32cubeide_1.8.0/stm32cubeide/plugins/com.st.stm32cube.ide.mcu.externaltools.gnu-tools-for-stm32.9-2020-q2-update.win32_2.0.0.202105311346/tools/bin/../lib/gcc/arm-none-eabi/9.3.1/../../../../arm-none-eabi/lib/thumb/v7e-m+fp/hard\libnosys.a
END GROUP
START GROUP
LOAD c:/st/stm32cubeide_1.8.0/stm32cubeide/plugins/com.st.stm32cube.ide.mcu.externaltools.gnu-tools-for-stm32.9-2020-q2-update.win32_2.0.0.202105311346/tools/bin/../lib/gcc/arm-none-eabi/9.3.1/thumb/v7e-m+fp/hard\libgcc.a
LOAD c:/st/stm32cubeide_1.8.0/stm32cubeide/plugins/com.st.stm32cube.ide.mcu.externaltools.gnu-tools-for-stm32.9-2020-q2-update.win32_2.0.0.202105311346/tools/bin/../lib/gcc/arm-none-eabi/9.3.1/../../../../arm-none-eabi/lib/thumb/v7e-m+fp/hard\libc_nano.a
LOAD c:/st/stm32cubeide_1.8.0/stm32cubeide/plugins/com.st.stm32cube.ide.mcu.externaltools.gnu-tools-for-stm32.9-2020-q2-update.win32_2.0.0.202105311346/tools/bin/../lib/gcc/arm-none-eabi/9.3.1/../../../../arm-none-eabi/lib/thumb/v7e-m+fp/hard\libnosys.a
END GROUP
LOAD c:/st/stm32cubeide_1.8.0/stm32cubeide/plugins/com.st.stm32cube.ide.mcu.externaltools.gnu-tools-for-stm32.9-2020-q2-update.win32_2.0.0.202105311346/tools/bin/../lib/gcc/arm-none-eabi/9.3.1/thumb/v7e-m+fp/hard/crtend.o
LOAD c:/st/stm32cubeide_1.8.0/stm32cubeide/plugins/com.st.stm32cube.ide.mcu.externaltools.gnu-tools-for-stm32.9-2020-q2-update.win32_2.0.0.202105311346/tools/bin/../lib/gcc/arm-none-eabi/9.3.1/thumb/v7e-m+fp/hard/crtn.o
                0x0000000020020000                _estack = (ORIGIN (RAM) + LENGTH (RAM))
                0x0000000000000200                _Min_Heap_Size = 0x200
                0x0000000000000400                _Min_Stack_Size = 0x400

.isr_vector     0x0000000008000000      0x198
                0x0000000008000000                . = ALIGN (0x4)
 *(.isr_vector)
 .isr_vector    0x0000000008000000      0x198 ./Core/Startup/startup_stm32f411retx.o
                0x0000000008000000                g_pfnVectors
                0x0000000008000198                . = ALIGN (0x4)

.text           0x0000000008000198     0x5708
                0x0000000008000198                . = ALIGN (0x4)
 *(.text)
 .text          0x0000000008000198       0x40 c:/st/stm32cubeide_1.8.0/stm32cubeide/plugins/com.st.stm32cube.ide.mcu.externaltools.gnu-tools-for-stm32.9-2020-q2-update.win32_2.0.0.202105311346/tools/bin/../lib/gcc/arm-none-eabi/9.3.1/thumb/v7e-m+fp/hard/crtbegin.o
 .text          0x00000000080001d8       0x30 c:/st/stm32cubeide_1.8.0/stm32cubeide/plugins/com.st.stm32cube.ide.mcu.externaltools.gnu-tools-for-stm32.9-2020-q2-update.win32_2.0.0.202105311346/tools/bin/../lib/gcc/arm-none-eabi/9.3.1/thumb/v7e-m+fp/hard\libgcc.a(_aeabi_uldivmod.o)
                0x00000000080001d8                __aeabi_uldivmod
 .text          0x0000000008000208      0x2c4 c:/st/stm32cubeide_1.8.0/stm32cubeide/plugins/com.st.stm32cube.ide.mcu.externaltools.gnu-tools-for-stm32.9-2020-q2-update.win32_2.0.0.202105311346/tools/bin/../lib/gcc/arm-none-eabi/9.3.1/thumb/v7e-m+fp/hard\libgcc.a(_udivmoddi4.o)
                0x0000000008000208                __udivmoddi4
 .text          0x00000000080004cc        0x4 c:/st/stm32cubeide_1.8.0/stm32cubeide/plugins/com.st.stm32cube.ide.mcu.externaltools.gnu-tools-for-stm32.9-2020-q2-update.win32_2.0.0.202105311346/tools/bin/../lib/gcc/arm-none-eabi/9.3.1/thumb/v7e-m+fp/hard\libgcc.a(_dvmd_tls.o)
                0x00000000080004cc                __aeabi_idiv0
                0x00000000080004cc                __aeabi_ldiv0
 *(.text*)
 .text.init     0x00000000080004d0       0x34 ./Core/Src/main.o
                0x00000000080004d0                init
 .text.caricon  0x0000000008000504     0x1de8 ./Core/Src/main.o
                0x0000000008000504                caricon
 .text.Rcardooricon
                0x00000000080022ec      0x1c0 ./Core/Src/main.o
                0x00000000080022ec                Rcardooricon
 .text.Lcardooricon
                0x00000000080024ac      0x1c4 ./Core/Src/main.o
                0x00000000080024ac                Lcardooricon
 .text.fuelicon
                0x0000000008002670       0xc4 ./Core/Src/main.o
                0x0000000008002670                fuelicon
 .text.frame    0x0000000008002734       0xac ./Core/Src/main.o
                0x0000000008002734                frame
 .text.box      0x00000000080027e0       0x6c ./Core/Src/main.o
                0x00000000080027e0                box
 .text.img      0x000000000800284c       0x6c ./Core/Src/main.o
                0x000000000800284c                img
 .text.MainScreen
                0x00000000080028b8      0x254 ./Core/Src/main.o
                0x00000000080028b8                MainScreen
 .text.Menu     0x0000000008002b0c      0x390 ./Core/Src/main.o
                0x0000000008002b0c                Menu
 .text.Diagnostyka
                0x0000000008002e9c       0xb4 ./Core/Src/main.o
                0x0000000008002e9c                Diagnostyka
 .text.Ustawienia
                0x0000000008002f50       0x84 ./Core/Src/main.o
                0x0000000008002f50                Ustawienia
 .text.Doors    0x0000000008002fd4       0xf8 ./Core/Src/main.o
                0x0000000008002fd4                Doors
 .text.loop     0x00000000080030cc       0xf0 ./Core/Src/main.o
                0x00000000080030cc                loop
 .text.main     0x00000000080031bc       0x22 ./Core/Src/main.o
                0x00000000080031bc                main
 *fill*         0x00000000080031de        0x2 
 .text.SystemClock_Config
                0x00000000080031e0       0xd4 ./Core/Src/main.o
                0x00000000080031e0                SystemClock_Config
 .text.MX_SPI1_Init
                0x00000000080032b4       0x70 ./Core/Src/main.o
 .text.MX_USART2_UART_Init
                0x0000000008003324       0x54 ./Core/Src/main.o
 .text.MX_GPIO_Init
                0x0000000008003378      0x184 ./Core/Src/main.o
 .text.Error_Handler
                0x00000000080034fc        0x6 ./Core/Src/main.o
                0x00000000080034fc                Error_Handler
 *fill*         0x0000000008003502        0x2 
 .text.ST7735_Select
                0x0000000008003504       0x18 ./Core/Src/st7735.o
 .text.ST7735_Unselect
                0x000000000800351c       0x18 ./Core/Src/st7735.o
                0x000000000800351c                ST7735_Unselect
 .text.ST7735_Reset
                0x0000000008003534       0x28 ./Core/Src/st7735.o
 .text.ST7735_WriteCommand
                0x000000000800355c       0x34 ./Core/Src/st7735.o
 .text.ST7735_WriteData
                0x0000000008003590       0x38 ./Core/Src/st7735.o
 .text.ST7735_ExecuteCommandList
                0x00000000080035c8       0x92 ./Core/Src/st7735.o
 .text.ST7735_SetAddressWindow
                0x000000000800365a       0x68 ./Core/Src/st7735.o
 *fill*         0x00000000080036c2        0x2 
 .text.ST7735_Init
                0x00000000080036c4       0x34 ./Core/Src/st7735.o
                0x00000000080036c4                ST7735_Init
 .text.ST7735_DrawPixel
                0x00000000080036f8       0x68 ./Core/Src/st7735.o
                0x00000000080036f8                ST7735_DrawPixel
 .text.ST7735_WriteChar
                0x0000000008003760       0xee ./Core/Src/st7735.o
 .text.ST7735_WriteString
                0x000000000800384e       0x94 ./Core/Src/st7735.o
                0x000000000800384e                ST7735_WriteString
 *fill*         0x00000000080038e2        0x2 
 .text.ST7735_FillRectangle
                0x00000000080038e4       0xe8 ./Core/Src/st7735.o
                0x00000000080038e4                ST7735_FillRectangle
 .text.ST7735_FillScreen
                0x00000000080039cc       0x22 ./Core/Src/st7735.o
                0x00000000080039cc                ST7735_FillScreen
 .text.ST7735_DrawImage
                0x00000000080039ee       0x98 ./Core/Src/st7735.o
                0x00000000080039ee                ST7735_DrawImage
 *fill*         0x0000000008003a86        0x2 
 .text.HAL_MspInit
                0x0000000008003a88       0x50 ./Core/Src/stm32f4xx_hal_msp.o
                0x0000000008003a88                HAL_MspInit
 .text.HAL_SPI_MspInit
                0x0000000008003ad8       0x90 ./Core/Src/stm32f4xx_hal_msp.o
                0x0000000008003ad8                HAL_SPI_MspInit
 .text.HAL_UART_MspInit
                0x0000000008003b68       0x90 ./Core/Src/stm32f4xx_hal_msp.o
                0x0000000008003b68                HAL_UART_MspInit
 .text.SysTick_Handler
                0x0000000008003bf8        0xc ./Core/Src/stm32f4xx_it.o
                0x0000000008003bf8                SysTick_Handler
 .text.SystemInit
                0x0000000008003c04       0x6c ./Core/Src/system_stm32f4xx.o
                0x0000000008003c04                SystemInit
 .text.Reset_Handler
                0x0000000008003c70       0x50 ./Core/Startup/startup_stm32f411retx.o
                0x0000000008003c70                Reset_Handler
 .text.Default_Handler
                0x0000000008003cc0        0x2 ./Core/Startup/startup_stm32f411retx.o
                0x0000000008003cc0                RTC_Alarm_IRQHandler
                0x0000000008003cc0                EXTI2_IRQHandler
                0x0000000008003cc0                DebugMon_Handler
                0x0000000008003cc0                SPI4_IRQHandler
                0x0000000008003cc0                TIM1_CC_IRQHandler
                0x0000000008003cc0                DMA2_Stream5_IRQHandler
                0x0000000008003cc0                HardFault_Handler
                0x0000000008003cc0                DMA1_Stream5_IRQHandler
                0x0000000008003cc0                PVD_IRQHandler
                0x0000000008003cc0                SDIO_IRQHandler
                0x0000000008003cc0                TAMP_STAMP_IRQHandler
                0x0000000008003cc0                PendSV_Handler
                0x0000000008003cc0                NMI_Handler
                0x0000000008003cc0                EXTI3_IRQHandler
                0x0000000008003cc0                TIM1_UP_TIM10_IRQHandler
                0x0000000008003cc0                I2C3_ER_IRQHandler
                0x0000000008003cc0                EXTI0_IRQHandler
                0x0000000008003cc0                I2C2_EV_IRQHandler
                0x0000000008003cc0                DMA1_Stream2_IRQHandler
                0x0000000008003cc0                FPU_IRQHandler
                0x0000000008003cc0                UsageFault_Handler
                0x0000000008003cc0                DMA2_Stream2_IRQHandler
                0x0000000008003cc0                SPI1_IRQHandler
                0x0000000008003cc0                TIM1_BRK_TIM9_IRQHandler
                0x0000000008003cc0                DMA2_Stream3_IRQHandler
                0x0000000008003cc0                USART6_IRQHandler
                0x0000000008003cc0                DMA2_Stream0_IRQHandler
                0x0000000008003cc0                TIM4_IRQHandler
                0x0000000008003cc0                I2C1_EV_IRQHandler
                0x0000000008003cc0                DMA1_Stream6_IRQHandler
                0x0000000008003cc0                DMA1_Stream1_IRQHandler
                0x0000000008003cc0                TIM3_IRQHandler
                0x0000000008003cc0                RCC_IRQHandler
                0x0000000008003cc0                Default_Handler
                0x0000000008003cc0                EXTI15_10_IRQHandler
                0x0000000008003cc0                ADC_IRQHandler
                0x0000000008003cc0                DMA1_Stream7_IRQHandler
                0x0000000008003cc0                SPI5_IRQHandler
                0x0000000008003cc0                TIM5_IRQHandler
                0x0000000008003cc0                DMA2_Stream7_IRQHandler
                0x0000000008003cc0                I2C3_EV_IRQHandler
                0x0000000008003cc0                EXTI9_5_IRQHandler
                0x0000000008003cc0                RTC_WKUP_IRQHandler
                0x0000000008003cc0                SPI2_IRQHandler
                0x0000000008003cc0                MemManage_Handler
                0x0000000008003cc0                DMA1_Stream0_IRQHandler
                0x0000000008003cc0                SVC_Handler
                0x0000000008003cc0                EXTI4_IRQHandler
                0x0000000008003cc0                WWDG_IRQHandler
                0x0000000008003cc0                TIM2_IRQHandler
                0x0000000008003cc0                OTG_FS_WKUP_IRQHandler
                0x0000000008003cc0                TIM1_TRG_COM_TIM11_IRQHandler
                0x0000000008003cc0                EXTI1_IRQHandler
                0x0000000008003cc0                USART2_IRQHandler
                0x0000000008003cc0                I2C2_ER_IRQHandler
                0x0000000008003cc0                DMA2_Stream1_IRQHandler
                0x0000000008003cc0                FLASH_IRQHandler
                0x0000000008003cc0                DMA2_Stream4_IRQHandler
                0x0000000008003cc0                BusFault_Handler
                0x0000000008003cc0                USART1_IRQHandler
                0x0000000008003cc0                OTG_FS_IRQHandler
                0x0000000008003cc0                SPI3_IRQHandler
                0x0000000008003cc0                DMA1_Stream4_IRQHandler
                0x0000000008003cc0                I2C1_ER_IRQHandler
                0x0000000008003cc0                DMA2_Stream6_IRQHandler
                0x0000000008003cc0                DMA1_Stream3_IRQHandler
 *fill*         0x0000000008003cc2        0x2 
 .text.HAL_Init
                0x0000000008003cc4       0x44 ./Drivers/STM32F4xx_HAL_Driver/Src/stm32f4xx_hal.o
                0x0000000008003cc4                HAL_Init
 .text.HAL_InitTick
                0x0000000008003d08       0x60 ./Drivers/STM32F4xx_HAL_Driver/Src/stm32f4xx_hal.o
                0x0000000008003d08                HAL_InitTick
 .text.HAL_IncTick
                0x0000000008003d68       0x28 ./Drivers/STM32F4xx_HAL_Driver/Src/stm32f4xx_hal.o
                0x0000000008003d68                HAL_IncTick
 .text.HAL_GetTick
                0x0000000008003d90       0x18 ./Drivers/STM32F4xx_HAL_Driver/Src/stm32f4xx_hal.o
                0x0000000008003d90                HAL_GetTick
 .text.HAL_Delay
                0x0000000008003da8       0x48 ./Drivers/STM32F4xx_HAL_Driver/Src/stm32f4xx_hal.o
                0x0000000008003da8                HAL_Delay
 .text.__NVIC_SetPriorityGrouping
                0x0000000008003df0       0x48 ./Drivers/STM32F4xx_HAL_Driver/Src/stm32f4xx_hal_cortex.o
 .text.__NVIC_GetPriorityGrouping
                0x0000000008003e38       0x1c ./Drivers/STM32F4xx_HAL_Driver/Src/stm32f4xx_hal_cortex.o
 .text.__NVIC_SetPriority
                0x0000000008003e54       0x54 ./Drivers/STM32F4xx_HAL_Driver/Src/stm32f4xx_hal_cortex.o
 .text.NVIC_EncodePriority
                0x0000000008003ea8       0x66 ./Drivers/STM32F4xx_HAL_Driver/Src/stm32f4xx_hal_cortex.o
 *fill*         0x0000000008003f0e        0x2 
 .text.SysTick_Config
                0x0000000008003f10       0x44 ./Drivers/STM32F4xx_HAL_Driver/Src/stm32f4xx_hal_cortex.o
 .text.HAL_NVIC_SetPriorityGrouping
                0x0000000008003f54       0x16 ./Drivers/STM32F4xx_HAL_Driver/Src/stm32f4xx_hal_cortex.o
                0x0000000008003f54                HAL_NVIC_SetPriorityGrouping
 .text.HAL_NVIC_SetPriority
                0x0000000008003f6a       0x38 ./Drivers/STM32F4xx_HAL_Driver/Src/stm32f4xx_hal_cortex.o
                0x0000000008003f6a                HAL_NVIC_SetPriority
 .text.HAL_SYSTICK_Config
                0x0000000008003fa2       0x18 ./Drivers/STM32F4xx_HAL_Driver/Src/stm32f4xx_hal_cortex.o
                0x0000000008003fa2                HAL_SYSTICK_Config
 *fill*         0x0000000008003fba        0x2 
 .text.HAL_GPIO_Init
                0x0000000008003fbc      0x308 ./Drivers/STM32F4xx_HAL_Driver/Src/stm32f4xx_hal_gpio.o
                0x0000000008003fbc                HAL_GPIO_Init
 .text.HAL_GPIO_ReadPin
                0x00000000080042c4       0x30 ./Drivers/STM32F4xx_HAL_Driver/Src/stm32f4xx_hal_gpio.o
                0x00000000080042c4                HAL_GPIO_ReadPin
 .text.HAL_GPIO_WritePin
                0x00000000080042f4       0x32 ./Drivers/STM32F4xx_HAL_Driver/Src/stm32f4xx_hal_gpio.o
                0x00000000080042f4                HAL_GPIO_WritePin
 *fill*         0x0000000008004326        0x2 
 .text.HAL_RCC_OscConfig
                0x0000000008004328      0x4f0 ./Drivers/STM32F4xx_HAL_Driver/Src/stm32f4xx_hal_rcc.o
                0x0000000008004328                HAL_RCC_OscConfig
 .text.HAL_RCC_ClockConfig
                0x0000000008004818      0x1cc ./Drivers/STM32F4xx_HAL_Driver/Src/stm32f4xx_hal_rcc.o
                0x0000000008004818                HAL_RCC_ClockConfig
 .text.HAL_RCC_GetSysClockFreq
                0x00000000080049e4      0x1c4 ./Drivers/STM32F4xx_HAL_Driver/Src/stm32f4xx_hal_rcc.o
                0x00000000080049e4                HAL_RCC_GetSysClockFreq
 .text.HAL_RCC_GetHCLKFreq
                0x0000000008004ba8       0x18 ./Drivers/STM32F4xx_HAL_Driver/Src/stm32f4xx_hal_rcc.o
                0x0000000008004ba8                HAL_RCC_GetHCLKFreq
 .text.HAL_RCC_GetPCLK1Freq
                0x0000000008004bc0       0x28 ./Drivers/STM32F4xx_HAL_Driver/Src/stm32f4xx_hal_rcc.o
                0x0000000008004bc0                HAL_RCC_GetPCLK1Freq
 .text.HAL_RCC_GetPCLK2Freq
                0x0000000008004be8       0x28 ./Drivers/STM32F4xx_HAL_Driver/Src/stm32f4xx_hal_rcc.o
                0x0000000008004be8                HAL_RCC_GetPCLK2Freq
 .text.HAL_SPI_Init
                0x0000000008004c10      0x112 ./Drivers/STM32F4xx_HAL_Driver/Src/stm32f4xx_hal_spi.o
                0x0000000008004c10                HAL_SPI_Init
 .text.HAL_SPI_Transmit
                0x0000000008004d22      0x278 ./Drivers/STM32F4xx_HAL_Driver/Src/stm32f4xx_hal_spi.o
                0x0000000008004d22                HAL_SPI_Transmit
 *fill*         0x0000000008004f9a        0x2 
 .text.SPI_WaitFlagStateUntilTimeout
                0x0000000008004f9c      0x110 ./Drivers/STM32F4xx_HAL_Driver/Src/stm32f4xx_hal_spi.o
 .text.SPI_EndRxTxTransaction
                0x00000000080050ac       0x84 ./Drivers/STM32F4xx_HAL_Driver/Src/stm32f4xx_hal_spi.o
 .text.HAL_UART_Init
                0x0000000008005130       0x9a ./Drivers/STM32F4xx_HAL_Driver/Src/stm32f4xx_hal_uart.o
                0x0000000008005130                HAL_UART_Init
 .text.HAL_UART_Transmit
                0x00000000080051ca      0x124 ./Drivers/STM32F4xx_HAL_Driver/Src/stm32f4xx_hal_uart.o
                0x00000000080051ca                HAL_UART_Transmit
 .text.UART_WaitOnFlagUntilTimeout
                0x00000000080052ee       0xdc ./Drivers/STM32F4xx_HAL_Driver/Src/stm32f4xx_hal_uart.o
 *fill*         0x00000000080053ca        0x2 
 .text.UART_SetConfig
                0x00000000080053cc      0x390 ./Drivers/STM32F4xx_HAL_Driver/Src/stm32f4xx_hal_uart.o
 .text.__libc_init_array
                0x000000000800575c       0x48 c:/st/stm32cubeide_1.8.0/stm32cubeide/plugins/com.st.stm32cube.ide.mcu.externaltools.gnu-tools-for-stm32.9-2020-q2-update.win32_2.0.0.202105311346/tools/bin/../lib/gcc/arm-none-eabi/9.3.1/../../../../arm-none-eabi/lib/thumb/v7e-m+fp/hard\libc_nano.a(lib_a-init.o)
                0x000000000800575c                __libc_init_array
 .text.__itoa   0x00000000080057a4       0x30 c:/st/stm32cubeide_1.8.0/stm32cubeide/plugins/com.st.stm32cube.ide.mcu.externaltools.gnu-tools-for-stm32.9-2020-q2-update.win32_2.0.0.202105311346/tools/bin/../lib/gcc/arm-none-eabi/9.3.1/../../../../arm-none-eabi/lib/thumb/v7e-m+fp/hard\libc_nano.a(lib_a-itoa.o)
                0x00000000080057a4                __itoa
 .text.itoa     0x00000000080057d4        0x4 c:/st/stm32cubeide_1.8.0/stm32cubeide/plugins/com.st.stm32cube.ide.mcu.externaltools.gnu-tools-for-stm32.9-2020-q2-update.win32_2.0.0.202105311346/tools/bin/../lib/gcc/arm-none-eabi/9.3.1/../../../../arm-none-eabi/lib/thumb/v7e-m+fp/hard\libc_nano.a(lib_a-itoa.o)
                0x00000000080057d4                itoa
 .text.memcpy   0x00000000080057d8       0x1c c:/st/stm32cubeide_1.8.0/stm32cubeide/plugins/com.st.stm32cube.ide.mcu.externaltools.gnu-tools-for-stm32.9-2020-q2-update.win32_2.0.0.202105311346/tools/bin/../lib/gcc/arm-none-eabi/9.3.1/../../../../arm-none-eabi/lib/thumb/v7e-m+fp/hard\libc_nano.a(lib_a-memcpy-stub.o)
                0x00000000080057d8                memcpy
 .text.memset   0x00000000080057f4       0x10 c:/st/stm32cubeide_1.8.0/stm32cubeide/plugins/com.st.stm32cube.ide.mcu.externaltools.gnu-tools-for-stm32.9-2020-q2-update.win32_2.0.0.202105311346/tools/bin/../lib/gcc/arm-none-eabi/9.3.1/../../../../arm-none-eabi/lib/thumb/v7e-m+fp/hard\libc_nano.a(lib_a-memset.o)
                0x00000000080057f4                memset
 .text.__utoa   0x0000000008005804       0x84 c:/st/stm32cubeide_1.8.0/stm32cubeide/plugins/com.st.stm32cube.ide.mcu.externaltools.gnu-tools-for-stm32.9-2020-q2-update.win32_2.0.0.202105311346/tools/bin/../lib/gcc/arm-none-eabi/9.3.1/../../../../arm-none-eabi/lib/thumb/v7e-m+fp/hard\libc_nano.a(lib_a-utoa.o)
                0x0000000008005804                __utoa
 *(.glue_7)
 .glue_7        0x0000000008005888        0x0 linker stubs
 *(.glue_7t)
 .glue_7t       0x0000000008005888        0x0 linker stubs
 *(.eh_frame)
 .eh_frame      0x0000000008005888        0x0 c:/st/stm32cubeide_1.8.0/stm32cubeide/plugins/com.st.stm32cube.ide.mcu.externaltools.gnu-tools-for-stm32.9-2020-q2-update.win32_2.0.0.202105311346/tools/bin/../lib/gcc/arm-none-eabi/9.3.1/thumb/v7e-m+fp/hard/crtbegin.o
 *(.init)
 .init          0x0000000008005888        0x4 c:/st/stm32cubeide_1.8.0/stm32cubeide/plugins/com.st.stm32cube.ide.mcu.externaltools.gnu-tools-for-stm32.9-2020-q2-update.win32_2.0.0.202105311346/tools/bin/../lib/gcc/arm-none-eabi/9.3.1/thumb/v7e-m+fp/hard/crti.o
                0x0000000008005888                _init
 .init          0x000000000800588c        0x8 c:/st/stm32cubeide_1.8.0/stm32cubeide/plugins/com.st.stm32cube.ide.mcu.externaltools.gnu-tools-for-stm32.9-2020-q2-update.win32_2.0.0.202105311346/tools/bin/../lib/gcc/arm-none-eabi/9.3.1/thumb/v7e-m+fp/hard/crtn.o
 *(.fini)
 .fini          0x0000000008005894        0x4 c:/st/stm32cubeide_1.8.0/stm32cubeide/plugins/com.st.stm32cube.ide.mcu.externaltools.gnu-tools-for-stm32.9-2020-q2-update.win32_2.0.0.202105311346/tools/bin/../lib/gcc/arm-none-eabi/9.3.1/thumb/v7e-m+fp/hard/crti.o
                0x0000000008005894                _fini
 .fini          0x0000000008005898        0x8 c:/st/stm32cubeide_1.8.0/stm32cubeide/plugins/com.st.stm32cube.ide.mcu.externaltools.gnu-tools-for-stm32.9-2020-q2-update.win32_2.0.0.202105311346/tools/bin/../lib/gcc/arm-none-eabi/9.3.1/thumb/v7e-m+fp/hard/crtn.o
                0x00000000080058a0                . = ALIGN (0x4)
                0x00000000080058a0                _etext = .

.vfp11_veneer   0x00000000080058a0        0x0
 .vfp11_veneer  0x00000000080058a0        0x0 linker stubs

.v4_bx          0x00000000080058a0        0x0
 .v4_bx         0x00000000080058a0        0x0 linker stubs

.iplt           0x00000000080058a0        0x0
 .iplt          0x00000000080058a0        0x0 c:/st/stm32cubeide_1.8.0/stm32cubeide/plugins/com.st.stm32cube.ide.mcu.externaltools.gnu-tools-for-stm32.9-2020-q2-update.win32_2.0.0.202105311346/tools/bin/../lib/gcc/arm-none-eabi/9.3.1/thumb/v7e-m+fp/hard/crtbegin.o

.rodata         0x00000000080058a0    0x1126c
                0x00000000080058a0                . = ALIGN (0x4)
 *(.rodata)
 .rodata        0x00000000080058a0      0x456 ./Core/Src/main.o
 *(.rodata*)
 *fill*         0x0000000008005cf6        0x2 
 .rodata.Font11x18
                0x0000000008005cf8      0xd5c ./Core/Src/fonts.o
 .rodata.test_img_128x128
                0x0000000008006a54     0x8000 ./Core/Src/main.o
                0x0000000008006a54                test_img_128x128
 .rodata.black_img_128x128
                0x000000000800ea54     0x8000 ./Core/Src/main.o
                0x000000000800ea54                black_img_128x128
 .rodata.init_cmds1
                0x0000000008016a54       0x3b ./Core/Src/st7735.o
 *fill*         0x0000000008016a8f        0x1 
 .rodata.init_cmds2
                0x0000000008016a90        0xd ./Core/Src/st7735.o
 *fill*         0x0000000008016a9d        0x3 
 .rodata.init_cmds3
                0x0000000008016aa0       0x2b ./Core/Src/st7735.o
 *fill*         0x0000000008016acb        0x1 
 .rodata.AHBPrescTable
                0x0000000008016acc       0x10 ./Core/Src/system_stm32f4xx.o
                0x0000000008016acc                AHBPrescTable
 .rodata.APBPrescTable
                0x0000000008016adc        0x8 ./Core/Src/system_stm32f4xx.o
                0x0000000008016adc                APBPrescTable
 .rodata.__utoa.str1.1
                0x0000000008016ae4       0x25 c:/st/stm32cubeide_1.8.0/stm32cubeide/plugins/com.st.stm32cube.ide.mcu.externaltools.gnu-tools-for-stm32.9-2020-q2-update.win32_2.0.0.202105311346/tools/bin/../lib/gcc/arm-none-eabi/9.3.1/../../../../arm-none-eabi/lib/thumb/v7e-m+fp/hard\libc_nano.a(lib_a-utoa.o)
                0x0000000008016b0c                . = ALIGN (0x4)
 *fill*         0x0000000008016b09        0x3 

.ARM.extab      0x0000000008016b0c        0x0
                0x0000000008016b0c                . = ALIGN (0x4)
 *(.ARM.extab* .gnu.linkonce.armextab.*)
                0x0000000008016b0c                . = ALIGN (0x4)

.ARM            0x0000000008016b0c        0x8
                0x0000000008016b0c                . = ALIGN (0x4)
                0x0000000008016b0c                __exidx_start = .
 *(.ARM.exidx*)
 .ARM.exidx     0x0000000008016b0c        0x8 c:/st/stm32cubeide_1.8.0/stm32cubeide/plugins/com.st.stm32cube.ide.mcu.externaltools.gnu-tools-for-stm32.9-2020-q2-update.win32_2.0.0.202105311346/tools/bin/../lib/gcc/arm-none-eabi/9.3.1/thumb/v7e-m+fp/hard\libgcc.a(_udivmoddi4.o)
                0x0000000008016b14                __exidx_end = .
                0x0000000008016b14                . = ALIGN (0x4)

.rel.dyn        0x0000000008016b14        0x0
 .rel.iplt      0x0000000008016b14        0x0 c:/st/stm32cubeide_1.8.0/stm32cubeide/plugins/com.st.stm32cube.ide.mcu.externaltools.gnu-tools-for-stm32.9-2020-q2-update.win32_2.0.0.202105311346/tools/bin/../lib/gcc/arm-none-eabi/9.3.1/thumb/v7e-m+fp/hard/crtbegin.o

.preinit_array  0x0000000008016b14        0x0
                0x0000000008016b14                . = ALIGN (0x4)
                0x0000000008016b14                PROVIDE (__preinit_array_start = .)
 *(.preinit_array*)
                0x0000000008016b14                PROVIDE (__preinit_array_end = .)
                0x0000000008016b14                . = ALIGN (0x4)

.init_array     0x0000000008016b14        0x4
                0x0000000008016b14                . = ALIGN (0x4)
                0x0000000008016b14                PROVIDE (__init_array_start = .)
 *(SORT_BY_NAME(.init_array.*))
 *(.init_array*)
 .init_array    0x0000000008016b14        0x4 c:/st/stm32cubeide_1.8.0/stm32cubeide/plugins/com.st.stm32cube.ide.mcu.externaltools.gnu-tools-for-stm32.9-2020-q2-update.win32_2.0.0.202105311346/tools/bin/../lib/gcc/arm-none-eabi/9.3.1/thumb/v7e-m+fp/hard/crtbegin.o
                0x0000000008016b18                PROVIDE (__init_array_end = .)
                0x0000000008016b18                . = ALIGN (0x4)

.fini_array     0x0000000008016b18        0x4
                0x0000000008016b18                . = ALIGN (0x4)
                [!provide]                        PROVIDE (__fini_array_start = .)
 *(SORT_BY_NAME(.fini_array.*))
 *(.fini_array*)
 .fini_array    0x0000000008016b18        0x4 c:/st/stm32cubeide_1.8.0/stm32cubeide/plugins/com.st.stm32cube.ide.mcu.externaltools.gnu-tools-for-stm32.9-2020-q2-update.win32_2.0.0.202105311346/tools/bin/../lib/gcc/arm-none-eabi/9.3.1/thumb/v7e-m+fp/hard/crtbegin.o
                [!provide]                        PROVIDE (__fini_array_end = .)
                0x0000000008016b1c                . = ALIGN (0x4)
                0x0000000008016b1c                _sidata = LOADADDR (.data)

.data           0x0000000020000000       0x24 load address 0x0000000008016b1c
                0x0000000020000000                . = ALIGN (0x4)
                0x0000000020000000                _sdata = .
 *(.data)
 *(.data*)
 .data.Font_11x18
                0x0000000020000000        0x8 ./Core/Src/fonts.o
                0x0000000020000000                Font_11x18
 .data.x        0x0000000020000008        0x4 ./Core/Src/main.o
                0x0000000020000008                x
 .data.y        0x000000002000000c        0x4 ./Core/Src/main.o
                0x000000002000000c                y
 .data.z        0x0000000020000010        0x4 ./Core/Src/main.o
                0x0000000020000010                z
 .data.p        0x0000000020000014        0x4 ./Core/Src/main.o
                0x0000000020000014                p
 .data.SystemCoreClock
                0x0000000020000018        0x4 ./Core/Src/system_stm32f4xx.o
                0x0000000020000018                SystemCoreClock
 .data.uwTickPrio
                0x000000002000001c        0x4 ./Drivers/STM32F4xx_HAL_Driver/Src/stm32f4xx_hal.o
                0x000000002000001c                uwTickPrio
 .data.uwTickFreq
                0x0000000020000020        0x1 ./Drivers/STM32F4xx_HAL_Driver/Src/stm32f4xx_hal.o
                0x0000000020000020                uwTickFreq
 *(.RamFunc)
 *(.RamFunc*)
                0x0000000020000024                . = ALIGN (0x4)
 *fill*         0x0000000020000021        0x3 
                0x0000000020000024                _edata = .

.igot.plt       0x0000000020000024        0x0 load address 0x0000000008016b40
 .igot.plt      0x0000000020000024        0x0 c:/st/stm32cubeide_1.8.0/stm32cubeide/plugins/com.st.stm32cube.ide.mcu.externaltools.gnu-tools-for-stm32.9-2020-q2-update.win32_2.0.0.202105311346/tools/bin/../lib/gcc/arm-none-eabi/9.3.1/thumb/v7e-m+fp/hard/crtbegin.o
                0x0000000020000024                . = ALIGN (0x4)

.bss            0x0000000020000024       0xc4 load address 0x0000000008016b40
                0x0000000020000024                _sbss = .
                0x0000000020000024                __bss_start__ = _sbss
 *(.bss)
 .bss           0x0000000020000024       0x1c c:/st/stm32cubeide_1.8.0/stm32cubeide/plugins/com.st.stm32cube.ide.mcu.externaltools.gnu-tools-for-stm32.9-2020-q2-update.win32_2.0.0.202105311346/tools/bin/../lib/gcc/arm-none-eabi/9.3.1/thumb/v7e-m+fp/hard/crtbegin.o
 *(.bss*)
 .bss.door      0x0000000020000040        0x4 ./Core/Src/main.o
                0x0000000020000040                door
 .bss.door2     0x0000000020000044        0x4 ./Core/Src/main.o
                0x0000000020000044                door2
 *(COMMON)
 COMMON         0x0000000020000048       0x9c ./Core/Src/main.o
                0x0000000020000048                hspi1
                0x00000000200000a0                huart2
 COMMON         0x00000000200000e4        0x4 ./Drivers/STM32F4xx_HAL_Driver/Src/stm32f4xx_hal.o
                0x00000000200000e4                uwTick
                0x00000000200000e8                . = ALIGN (0x4)
                0x00000000200000e8                _ebss = .
                0x00000000200000e8                __bss_end__ = _ebss

._user_heap_stack
                0x00000000200000e8      0x600 load address 0x0000000008016b40
                0x00000000200000e8                . = ALIGN (0x8)
                [!provide]                        PROVIDE (end = .)
                0x00000000200000e8                PROVIDE (_end = .)
                0x00000000200002e8                . = (. + _Min_Heap_Size)
 *fill*         0x00000000200000e8      0x200 
                0x00000000200006e8                . = (. + _Min_Stack_Size)
 *fill*         0x00000000200002e8      0x400 
                0x00000000200006e8                . = ALIGN (0x8)

/DISCARD/
 libc.a(*)
 libm.a(*)
 libgcc.a(*)

.ARM.attributes
                0x0000000000000000       0x30
 *(.ARM.attributes)
 .ARM.attributes
                0x0000000000000000       0x1e c:/st/stm32cubeide_1.8.0/stm32cubeide/plugins/com.st.stm32cube.ide.mcu.externaltools.gnu-tools-for-stm32.9-2020-q2-update.win32_2.0.0.202105311346/tools/bin/../lib/gcc/arm-none-eabi/9.3.1/thumb/v7e-m+fp/hard/crti.o
 .ARM.attributes
                0x000000000000001e       0x34 c:/st/stm32cubeide_1.8.0/stm32cubeide/plugins/com.st.stm32cube.ide.mcu.externaltools.gnu-tools-for-stm32.9-2020-q2-update.win32_2.0.0.202105311346/tools/bin/../lib/gcc/arm-none-eabi/9.3.1/thumb/v7e-m+fp/hard/crtbegin.o
 .ARM.attributes
                0x0000000000000052       0x39 ./Core/Src/fonts.o
 .ARM.attributes
                0x000000000000008b       0x34 ./Core/Src/main.o
 .ARM.attributes
                0x00000000000000bf       0x34 ./Core/Src/st7735.o
 .ARM.attributes
                0x00000000000000f3       0x34 ./Core/Src/stm32f4xx_hal_msp.o
 .ARM.attributes
                0x0000000000000127       0x34 ./Core/Src/stm32f4xx_it.o
 .ARM.attributes
                0x000000000000015b       0x34 ./Core/Src/system_stm32f4xx.o
 .ARM.attributes
                0x000000000000018f       0x21 ./Core/Startup/startup_stm32f411retx.o
 .ARM.attributes
                0x00000000000001b0       0x34 ./Drivers/STM32F4xx_HAL_Driver/Src/stm32f4xx_hal.o
 .ARM.attributes
                0x00000000000001e4       0x34 ./Drivers/STM32F4xx_HAL_Driver/Src/stm32f4xx_hal_cortex.o
 .ARM.attributes
                0x0000000000000218       0x34 ./Drivers/STM32F4xx_HAL_Driver/Src/stm32f4xx_hal_gpio.o
 .ARM.attributes
                0x000000000000024c       0x34 ./Drivers/STM32F4xx_HAL_Driver/Src/stm32f4xx_hal_rcc.o
 .ARM.attributes
                0x0000000000000280       0x34 ./Drivers/STM32F4xx_HAL_Driver/Src/stm32f4xx_hal_spi.o
 .ARM.attributes
                0x00000000000002b4       0x34 ./Drivers/STM32F4xx_HAL_Driver/Src/stm32f4xx_hal_uart.o
 .ARM.attributes
                0x00000000000002e8       0x34 c:/st/stm32cubeide_1.8.0/stm32cubeide/plugins/com.st.stm32cube.ide.mcu.externaltools.gnu-tools-for-stm32.9-2020-q2-update.win32_2.0.0.202105311346/tools/bin/../lib/gcc/arm-none-eabi/9.3.1/../../../../arm-none-eabi/lib/thumb/v7e-m+fp/hard\libc_nano.a(lib_a-init.o)
 .ARM.attributes
                0x000000000000031c       0x34 c:/st/stm32cubeide_1.8.0/stm32cubeide/plugins/com.st.stm32cube.ide.mcu.externaltools.gnu-tools-for-stm32.9-2020-q2-update.win32_2.0.0.202105311346/tools/bin/../lib/gcc/arm-none-eabi/9.3.1/../../../../arm-none-eabi/lib/thumb/v7e-m+fp/hard\libc_nano.a(lib_a-itoa.o)
 .ARM.attributes
                0x0000000000000350       0x34 c:/st/stm32cubeide_1.8.0/stm32cubeide/plugins/com.st.stm32cube.ide.mcu.externaltools.gnu-tools-for-stm32.9-2020-q2-update.win32_2.0.0.202105311346/tools/bin/../lib/gcc/arm-none-eabi/9.3.1/../../../../arm-none-eabi/lib/thumb/v7e-m+fp/hard\libc_nano.a(lib_a-memcpy-stub.o)
 .ARM.attributes
                0x0000000000000384       0x34 c:/st/stm32cubeide_1.8.0/stm32cubeide/plugins/com.st.stm32cube.ide.mcu.externaltools.gnu-tools-for-stm32.9-2020-q2-update.win32_2.0.0.202105311346/tools/bin/../lib/gcc/arm-none-eabi/9.3.1/../../../../arm-none-eabi/lib/thumb/v7e-m+fp/hard\libc_nano.a(lib_a-memset.o)
 .ARM.attributes
                0x00000000000003b8       0x34 c:/st/stm32cubeide_1.8.0/stm32cubeide/plugins/com.st.stm32cube.ide.mcu.externaltools.gnu-tools-for-stm32.9-2020-q2-update.win32_2.0.0.202105311346/tools/bin/../lib/gcc/arm-none-eabi/9.3.1/../../../../arm-none-eabi/lib/thumb/v7e-m+fp/hard\libc_nano.a(lib_a-utoa.o)
 .ARM.attributes
                0x00000000000003ec       0x1e c:/st/stm32cubeide_1.8.0/stm32cubeide/plugins/com.st.stm32cube.ide.mcu.externaltools.gnu-tools-for-stm32.9-2020-q2-update.win32_2.0.0.202105311346/tools/bin/../lib/gcc/arm-none-eabi/9.3.1/thumb/v7e-m+fp/hard\libgcc.a(_aeabi_uldivmod.o)
 .ARM.attributes
                0x000000000000040a       0x34 c:/st/stm32cubeide_1.8.0/stm32cubeide/plugins/com.st.stm32cube.ide.mcu.externaltools.gnu-tools-for-stm32.9-2020-q2-update.win32_2.0.0.202105311346/tools/bin/../lib/gcc/arm-none-eabi/9.3.1/thumb/v7e-m+fp/hard\libgcc.a(_udivmoddi4.o)
 .ARM.attributes
                0x000000000000043e       0x1e c:/st/stm32cubeide_1.8.0/stm32cubeide/plugins/com.st.stm32cube.ide.mcu.externaltools.gnu-tools-for-stm32.9-2020-q2-update.win32_2.0.0.202105311346/tools/bin/../lib/gcc/arm-none-eabi/9.3.1/thumb/v7e-m+fp/hard\libgcc.a(_dvmd_tls.o)
 .ARM.attributes
                0x000000000000045c       0x1e c:/st/stm32cubeide_1.8.0/stm32cubeide/plugins/com.st.stm32cube.ide.mcu.externaltools.gnu-tools-for-stm32.9-2020-q2-update.win32_2.0.0.202105311346/tools/bin/../lib/gcc/arm-none-eabi/9.3.1/thumb/v7e-m+fp/hard/crtn.o
OUTPUT(main.elf elf32-littlearm)
LOAD linker stubs
LOAD c:/st/stm32cubeide_1.8.0/stm32cubeide/plugins/com.st.stm32cube.ide.mcu.externaltools.gnu-tools-for-stm32.9-2020-q2-update.win32_2.0.0.202105311346/tools/bin/../lib/gcc/arm-none-eabi/9.3.1/../../../../arm-none-eabi/lib/thumb/v7e-m+fp/hard\libc.a
LOAD c:/st/stm32cubeide_1.8.0/stm32cubeide/plugins/com.st.stm32cube.ide.mcu.externaltools.gnu-tools-for-stm32.9-2020-q2-update.win32_2.0.0.202105311346/tools/bin/../lib/gcc/arm-none-eabi/9.3.1/../../../../arm-none-eabi/lib/thumb/v7e-m+fp/hard\libm.a
LOAD c:/st/stm32cubeide_1.8.0/stm32cubeide/plugins/com.st.stm32cube.ide.mcu.externaltools.gnu-tools-for-stm32.9-2020-q2-update.win32_2.0.0.202105311346/tools/bin/../lib/gcc/arm-none-eabi/9.3.1/thumb/v7e-m+fp/hard\libgcc.a

.debug_info     0x0000000000000000     0xb34d
 .debug_info    0x0000000000000000      0x1ae ./Core/Src/fonts.o
 .debug_info    0x00000000000001ae     0x1d07 ./Core/Src/main.o
 .debug_info    0x0000000000001eb5      0xca3 ./Core/Src/st7735.o
 .debug_info    0x0000000000002b58      0xd38 ./Core/Src/stm32f4xx_hal_msp.o
 .debug_info    0x0000000000003890      0x192 ./Core/Src/stm32f4xx_it.o
 .debug_info    0x0000000000003a22      0x5d0 ./Core/Src/system_stm32f4xx.o
 .debug_info    0x0000000000003ff2       0x22 ./Core/Startup/startup_stm32f411retx.o
 .debug_info    0x0000000000004014      0x944 ./Drivers/STM32F4xx_HAL_Driver/Src/stm32f4xx_hal.o
 .debug_info    0x0000000000004958      0xe47 ./Drivers/STM32F4xx_HAL_Driver/Src/stm32f4xx_hal_cortex.o
 .debug_info    0x000000000000579f      0x862 ./Drivers/STM32F4xx_HAL_Driver/Src/stm32f4xx_hal_gpio.o
 .debug_info    0x0000000000006001      0x9be ./Drivers/STM32F4xx_HAL_Driver/Src/stm32f4xx_hal_rcc.o
 .debug_info    0x00000000000069bf     0x17b8 ./Drivers/STM32F4xx_HAL_Driver/Src/stm32f4xx_hal_spi.o
 .debug_info    0x0000000000008177     0x31d6 ./Drivers/STM32F4xx_HAL_Driver/Src/stm32f4xx_hal_uart.o

.debug_abbrev   0x0000000000000000     0x199b
 .debug_abbrev  0x0000000000000000       0xad ./Core/Src/fonts.o
 .debug_abbrev  0x00000000000000ad      0x3b5 ./Core/Src/main.o
 .debug_abbrev  0x0000000000000462      0x254 ./Core/Src/st7735.o
 .debug_abbrev  0x00000000000006b6      0x1ac ./Core/Src/stm32f4xx_hal_msp.o
 .debug_abbrev  0x0000000000000862       0xb8 ./Core/Src/stm32f4xx_it.o
 .debug_abbrev  0x000000000000091a      0x145 ./Core/Src/system_stm32f4xx.o
 .debug_abbrev  0x0000000000000a5f       0x12 ./Core/Startup/startup_stm32f411retx.o
 .debug_abbrev  0x0000000000000a71      0x21e ./Drivers/STM32F4xx_HAL_Driver/Src/stm32f4xx_hal.o
 .debug_abbrev  0x0000000000000c8f      0x33c ./Drivers/STM32F4xx_HAL_Driver/Src/stm32f4xx_hal_cortex.o
 .debug_abbrev  0x0000000000000fcb      0x1f1 ./Drivers/STM32F4xx_HAL_Driver/Src/stm32f4xx_hal_gpio.o
 .debug_abbrev  0x00000000000011bc      0x275 ./Drivers/STM32F4xx_HAL_Driver/Src/stm32f4xx_hal_rcc.o
 .debug_abbrev  0x0000000000001431      0x26e ./Drivers/STM32F4xx_HAL_Driver/Src/stm32f4xx_hal_spi.o
 .debug_abbrev  0x000000000000169f      0x2fc ./Drivers/STM32F4xx_HAL_Driver/Src/stm32f4xx_hal_uart.o

.debug_aranges  0x0000000000000000      0x8c8
 .debug_aranges
                0x0000000000000000       0x18 ./Core/Src/fonts.o
 .debug_aranges
                0x0000000000000018       0xb8 ./Core/Src/main.o
 .debug_aranges
                0x00000000000000d0       0x90 ./Core/Src/st7735.o
 .debug_aranges
                0x0000000000000160       0x40 ./Core/Src/stm32f4xx_hal_msp.o
 .debug_aranges
                0x00000000000001a0       0x20 ./Core/Src/stm32f4xx_it.o
 .debug_aranges
                0x00000000000001c0       0x28 ./Core/Src/system_stm32f4xx.o
 .debug_aranges
                0x00000000000001e8       0x28 ./Core/Startup/startup_stm32f411retx.o
 .debug_aranges
                0x0000000000000210       0xf0 ./Drivers/STM32F4xx_HAL_Driver/Src/stm32f4xx_hal.o
 .debug_aranges
                0x0000000000000300      0x118 ./Drivers/STM32F4xx_HAL_Driver/Src/stm32f4xx_hal_cortex.o
 .debug_aranges
                0x0000000000000418       0x58 ./Drivers/STM32F4xx_HAL_Driver/Src/stm32f4xx_hal_gpio.o
 .debug_aranges
                0x0000000000000470       0x88 ./Drivers/STM32F4xx_HAL_Driver/Src/stm32f4xx_hal_rcc.o
 .debug_aranges
                0x00000000000004f8      0x1d0 ./Drivers/STM32F4xx_HAL_Driver/Src/stm32f4xx_hal_spi.o
 .debug_aranges
                0x00000000000006c8      0x200 ./Drivers/STM32F4xx_HAL_Driver/Src/stm32f4xx_hal_uart.o

.debug_macro    0x0000000000000000    0x15d6f
 .debug_macro   0x0000000000000000       0x6d ./Core/Src/fonts.o
 .debug_macro   0x000000000000006d      0xaa8 ./Core/Src/fonts.o
 .debug_macro   0x0000000000000b15       0x22 ./Core/Src/fonts.o
 .debug_macro   0x0000000000000b37       0x8e ./Core/Src/fonts.o
 .debug_macro   0x0000000000000bc5       0x51 ./Core/Src/fonts.o
 .debug_macro   0x0000000000000c16      0x103 ./Core/Src/fonts.o
 .debug_macro   0x0000000000000d19       0x6a ./Core/Src/fonts.o
 .debug_macro   0x0000000000000d83      0x1df ./Core/Src/fonts.o
 .debug_macro   0x0000000000000f62      0x38c ./Core/Src/main.o
 .debug_macro   0x00000000000012ee      0x29b ./Core/Src/main.o
 .debug_macro   0x0000000000001589       0x2e ./Core/Src/main.o
 .debug_macro   0x00000000000015b7       0x28 ./Core/Src/main.o
 .debug_macro   0x00000000000015df       0x1c ./Core/Src/main.o
 .debug_macro   0x00000000000015fb       0x22 ./Core/Src/main.o
 .debug_macro   0x000000000000161d       0xdf ./Core/Src/main.o
 .debug_macro   0x00000000000016fc     0x102d ./Core/Src/main.o
 .debug_macro   0x0000000000002729      0x11f ./Core/Src/main.o
 .debug_macro   0x0000000000002848     0xb953 ./Core/Src/main.o
 .debug_macro   0x000000000000e19b       0x6d ./Core/Src/main.o
 .debug_macro   0x000000000000e208     0x3666 ./Core/Src/main.o
 .debug_macro   0x000000000001186e      0x174 ./Core/Src/main.o
 .debug_macro   0x00000000000119e2       0x5c ./Core/Src/main.o
 .debug_macro   0x0000000000011a3e      0x447 ./Core/Src/main.o
 .debug_macro   0x0000000000011e85      0x9fe ./Core/Src/main.o
 .debug_macro   0x0000000000012883      0x116 ./Core/Src/main.o
 .debug_macro   0x0000000000012999      0x11b ./Core/Src/main.o
 .debug_macro   0x0000000000012ab4       0xa5 ./Core/Src/main.o
 .debug_macro   0x0000000000012b59      0x15f ./Core/Src/main.o
 .debug_macro   0x0000000000012cb8      0x287 ./Core/Src/main.o
 .debug_macro   0x0000000000012f3f       0x5f ./Core/Src/main.o
 .debug_macro   0x0000000000012f9e      0x236 ./Core/Src/main.o
 .debug_macro   0x00000000000131d4      0x132 ./Core/Src/main.o
 .debug_macro   0x0000000000013306      0x264 ./Core/Src/main.o
 .debug_macro   0x000000000001356a       0x2e ./Core/Src/main.o
 .debug_macro   0x0000000000013598      0x11a ./Core/Src/main.o
 .debug_macro   0x00000000000136b2       0x85 ./Core/Src/main.o
 .debug_macro   0x0000000000013737       0x89 ./Core/Src/main.o
 .debug_macro   0x00000000000137c0      0x225 ./Core/Src/main.o
 .debug_macro   0x00000000000139e5      0x295 ./Core/Src/main.o
 .debug_macro   0x0000000000013c7a      0x126 ./Core/Src/main.o
 .debug_macro   0x0000000000013da0       0x94 ./Core/Src/main.o
 .debug_macro   0x0000000000013e34       0x52 ./Core/Src/main.o
 .debug_macro   0x0000000000013e86       0x18 ./Core/Src/main.o
 .debug_macro   0x0000000000013e9e       0x3c ./Core/Src/main.o
 .debug_macro   0x0000000000013eda       0x34 ./Core/Src/main.o
 .debug_macro   0x0000000000013f0e       0x16 ./Core/Src/main.o
 .debug_macro   0x0000000000013f24       0x43 ./Core/Src/main.o
 .debug_macro   0x0000000000013f67       0x34 ./Core/Src/main.o
 .debug_macro   0x0000000000013f9b       0x10 ./Core/Src/main.o
 .debug_macro   0x0000000000013fab       0x58 ./Core/Src/main.o
 .debug_macro   0x0000000000014003       0x71 ./Core/Src/main.o
 .debug_macro   0x0000000000014074       0x1c ./Core/Src/main.o
 .debug_macro   0x0000000000014090      0x12a ./Core/Src/main.o
 .debug_macro   0x00000000000141ba      0x333 ./Core/Src/main.o
 .debug_macro   0x00000000000144ed       0x10 ./Core/Src/main.o
 .debug_macro   0x00000000000144fd       0x35 ./Core/Src/main.o
 .debug_macro   0x0000000000014532       0x20 ./Core/Src/main.o
 .debug_macro   0x0000000000014552       0x1c ./Core/Src/main.o
 .debug_macro   0x000000000001456e       0x10 ./Core/Src/main.o
 .debug_macro   0x000000000001457e       0x10 ./Core/Src/main.o
 .debug_macro   0x000000000001458e       0x1c ./Core/Src/main.o
 .debug_macro   0x00000000000145aa       0x52 ./Core/Src/main.o
 .debug_macro   0x00000000000145fc       0x22 ./Core/Src/main.o
 .debug_macro   0x000000000001461e       0x10 ./Core/Src/main.o
 .debug_macro   0x000000000001462e       0x40 ./Core/Src/main.o
 .debug_macro   0x000000000001466e       0xd5 ./Core/Src/main.o
 .debug_macro   0x0000000000014743       0x1c ./Core/Src/main.o
 .debug_macro   0x000000000001475f       0x3d ./Core/Src/main.o
 .debug_macro   0x000000000001479c       0x16 ./Core/Src/main.o
 .debug_macro   0x00000000000147b2      0x145 ./Core/Src/main.o
 .debug_macro   0x00000000000148f7       0x22 ./Core/Src/main.o
 .debug_macro   0x0000000000014919      0x1be ./Core/Src/main.o
 .debug_macro   0x0000000000014ad7      0x1ec ./Core/Src/st7735.o
 .debug_macro   0x0000000000014cc3      0x1d3 ./Core/Src/stm32f4xx_hal_msp.o
 .debug_macro   0x0000000000014e96      0x1dd ./Core/Src/stm32f4xx_it.o
 .debug_macro   0x0000000000015073      0x1ca ./Core/Src/system_stm32f4xx.o
 .debug_macro   0x000000000001523d      0x224 ./Drivers/STM32F4xx_HAL_Driver/Src/stm32f4xx_hal.o
 .debug_macro   0x0000000000015461      0x1c4 ./Drivers/STM32F4xx_HAL_Driver/Src/stm32f4xx_hal_cortex.o
 .debug_macro   0x0000000000015625      0x1ca ./Drivers/STM32F4xx_HAL_Driver/Src/stm32f4xx_hal_gpio.o
 .debug_macro   0x00000000000157ef      0x1e8 ./Drivers/STM32F4xx_HAL_Driver/Src/stm32f4xx_hal_rcc.o
 .debug_macro   0x00000000000159d7      0x1d3 ./Drivers/STM32F4xx_HAL_Driver/Src/stm32f4xx_hal_spi.o
 .debug_macro   0x0000000000015baa      0x1c5 ./Drivers/STM32F4xx_HAL_Driver/Src/stm32f4xx_hal_uart.o

.debug_line     0x0000000000000000     0xa71e
 .debug_line    0x0000000000000000      0x37e ./Core/Src/fonts.o
 .debug_line    0x000000000000037e      0xfd3 ./Core/Src/main.o
 .debug_line    0x0000000000001351      0xa0c ./Core/Src/st7735.o
 .debug_line    0x0000000000001d5d      0x747 ./Core/Src/stm32f4xx_hal_msp.o
 .debug_line    0x00000000000024a4      0x6b9 ./Core/Src/stm32f4xx_it.o
 .debug_line    0x0000000000002b5d      0x74f ./Core/Src/system_stm32f4xx.o
 .debug_line    0x00000000000032ac       0x86 ./Core/Startup/startup_stm32f411retx.o
 .debug_line    0x0000000000003332      0x994 ./Drivers/STM32F4xx_HAL_Driver/Src/stm32f4xx_hal.o
 .debug_line    0x0000000000003cc6      0xc43 ./Drivers/STM32F4xx_HAL_Driver/Src/stm32f4xx_hal_cortex.o
 .debug_line    0x0000000000004909      0xace ./Drivers/STM32F4xx_HAL_Driver/Src/stm32f4xx_hal_gpio.o
 .debug_line    0x00000000000053d7      0xd10 ./Drivers/STM32F4xx_HAL_Driver/Src/stm32f4xx_hal_rcc.o
 .debug_line    0x00000000000060e7     0x1c1c ./Drivers/STM32F4xx_HAL_Driver/Src/stm32f4xx_hal_spi.o
 .debug_line    0x0000000000007d03     0x2a1b ./Drivers/STM32F4xx_HAL_Driver/Src/stm32f4xx_hal_uart.o

.debug_str      0x0000000000000000    0x87d71
 .debug_str     0x0000000000000000     0x3bdd ./Core/Src/fonts.o
                                       0x3d53 (size before relaxing)
 .debug_str     0x0000000000003bdd    0x8227f ./Core/Src/main.o
                                      0x861c0 (size before relaxing)
 .debug_str     0x0000000000085e5c      0x18c ./Core/Src/st7735.o
                                      0x81af2 (size before relaxing)
 .debug_str     0x0000000000085fe8       0x7d ./Core/Src/stm32f4xx_hal_msp.o
                                      0x8186e (size before relaxing)
 .debug_str     0x0000000000086065       0x3d ./Core/Src/stm32f4xx_it.o
                                      0x810f2 (size before relaxing)
 .debug_str     0x00000000000860a2       0xc4 ./Core/Src/system_stm32f4xx.o
                                      0x81079 (size before relaxing)
 .debug_str     0x0000000000086166       0x36 ./Core/Startup/startup_stm32f411retx.o
                                         0x6d (size before relaxing)
 .debug_str     0x000000000008619c      0x90f ./Drivers/STM32F4xx_HAL_Driver/Src/stm32f4xx_hal.o
                                      0x819ee (size before relaxing)
 .debug_str     0x0000000000086aab      0x399 ./Drivers/STM32F4xx_HAL_Driver/Src/stm32f4xx_hal_cortex.o
                                      0x817cb (size before relaxing)
 .debug_str     0x0000000000086e44      0x15f ./Drivers/STM32F4xx_HAL_Driver/Src/stm32f4xx_hal_gpio.o
                                      0x8120b (size before relaxing)
 .debug_str     0x0000000000086fa3      0x259 ./Drivers/STM32F4xx_HAL_Driver/Src/stm32f4xx_hal_rcc.o
                                      0x81466 (size before relaxing)
 .debug_str     0x00000000000871fc      0x57f ./Drivers/STM32F4xx_HAL_Driver/Src/stm32f4xx_hal_spi.o
                                      0x818f6 (size before relaxing)
 .debug_str     0x000000000008777b      0x5f6 ./Drivers/STM32F4xx_HAL_Driver/Src/stm32f4xx_hal_uart.o
                                      0x819da (size before relaxing)

.comment        0x0000000000000000       0x53
 .comment       0x0000000000000000       0x53 ./Core/Src/fonts.o
                                         0x54 (size before relaxing)
 .comment       0x0000000000000053       0x54 ./Core/Src/main.o
 .comment       0x0000000000000053       0x54 ./Core/Src/st7735.o
 .comment       0x0000000000000053       0x54 ./Core/Src/stm32f4xx_hal_msp.o
 .comment       0x0000000000000053       0x54 ./Core/Src/stm32f4xx_it.o
 .comment       0x0000000000000053       0x54 ./Core/Src/system_stm32f4xx.o
 .comment       0x0000000000000053       0x54 ./Drivers/STM32F4xx_HAL_Driver/Src/stm32f4xx_hal.o
 .comment       0x0000000000000053       0x54 ./Drivers/STM32F4xx_HAL_Driver/Src/stm32f4xx_hal_cortex.o
 .comment       0x0000000000000053       0x54 ./Drivers/STM32F4xx_HAL_Driver/Src/stm32f4xx_hal_gpio.o
 .comment       0x0000000000000053       0x54 ./Drivers/STM32F4xx_HAL_Driver/Src/stm32f4xx_hal_rcc.o
 .comment       0x0000000000000053       0x54 ./Drivers/STM32F4xx_HAL_Driver/Src/stm32f4xx_hal_spi.o
 .comment       0x0000000000000053       0x54 ./Drivers/STM32F4xx_HAL_Driver/Src/stm32f4xx_hal_uart.o

.debug_ranges   0x0000000000000000      0x828
 .debug_ranges  0x0000000000000000       0xa8 ./Core/Src/main.o
 .debug_ranges  0x00000000000000a8       0x80 ./Core/Src/st7735.o
 .debug_ranges  0x0000000000000128       0x30 ./Core/Src/stm32f4xx_hal_msp.o
 .debug_ranges  0x0000000000000158       0x10 ./Core/Src/stm32f4xx_it.o
 .debug_ranges  0x0000000000000168       0x18 ./Core/Src/system_stm32f4xx.o
 .debug_ranges  0x0000000000000180       0x20 ./Core/Startup/startup_stm32f411retx.o
 .debug_ranges  0x00000000000001a0       0xe0 ./Drivers/STM32F4xx_HAL_Driver/Src/stm32f4xx_hal.o
 .debug_ranges  0x0000000000000280      0x108 ./Drivers/STM32F4xx_HAL_Driver/Src/stm32f4xx_hal_cortex.o
 .debug_ranges  0x0000000000000388       0x48 ./Drivers/STM32F4xx_HAL_Driver/Src/stm32f4xx_hal_gpio.o
 .debug_ranges  0x00000000000003d0       0x78 ./Drivers/STM32F4xx_HAL_Driver/Src/stm32f4xx_hal_rcc.o
 .debug_ranges  0x0000000000000448      0x1c0 ./Drivers/STM32F4xx_HAL_Driver/Src/stm32f4xx_hal_spi.o
 .debug_ranges  0x0000000000000608      0x220 ./Drivers/STM32F4xx_HAL_Driver/Src/stm32f4xx_hal_uart.o

.debug_frame    0x0000000000000000     0x2444
 .debug_frame   0x0000000000000000      0x2dc ./Core/Src/main.o
 .debug_frame   0x00000000000002dc      0x234 ./Core/Src/st7735.o
 .debug_frame   0x0000000000000510       0xc4 ./Core/Src/stm32f4xx_hal_msp.o
 .debug_frame   0x00000000000005d4       0x2c ./Core/Src/stm32f4xx_it.o
 .debug_frame   0x0000000000000600       0x58 ./Core/Src/system_stm32f4xx.o
 .debug_frame   0x0000000000000658      0x374 ./Drivers/STM32F4xx_HAL_Driver/Src/stm32f4xx_hal.o
 .debug_frame   0x00000000000009cc      0x498 ./Drivers/STM32F4xx_HAL_Driver/Src/stm32f4xx_hal_cortex.o
 .debug_frame   0x0000000000000e64      0x14c ./Drivers/STM32F4xx_HAL_Driver/Src/stm32f4xx_hal_gpio.o
 .debug_frame   0x0000000000000fb0      0x1f0 ./Drivers/STM32F4xx_HAL_Driver/Src/stm32f4xx_hal_rcc.o
 .debug_frame   0x00000000000011a0      0x824 ./Drivers/STM32F4xx_HAL_Driver/Src/stm32f4xx_hal_spi.o
 .debug_frame   0x00000000000019c4      0x92c ./Drivers/STM32F4xx_HAL_Driver/Src/stm32f4xx_hal_uart.o
 .debug_frame   0x00000000000022f0       0x2c c:/st/stm32cubeide_1.8.0/stm32cubeide/plugins/com.st.stm32cube.ide.mcu.externaltools.gnu-tools-for-stm32.9-2020-q2-update.win32_2.0.0.202105311346/tools/bin/../lib/gcc/arm-none-eabi/9.3.1/../../../../arm-none-eabi/lib/thumb/v7e-m+fp/hard\libc_nano.a(lib_a-init.o)
 .debug_frame   0x000000000000231c       0x38 c:/st/stm32cubeide_1.8.0/stm32cubeide/plugins/com.st.stm32cube.ide.mcu.externaltools.gnu-tools-for-stm32.9-2020-q2-update.win32_2.0.0.202105311346/tools/bin/../lib/gcc/arm-none-eabi/9.3.1/../../../../arm-none-eabi/lib/thumb/v7e-m+fp/hard\libc_nano.a(lib_a-itoa.o)
 .debug_frame   0x0000000000002354       0x28 c:/st/stm32cubeide_1.8.0/stm32cubeide/plugins/com.st.stm32cube.ide.mcu.externaltools.gnu-tools-for-stm32.9-2020-q2-update.win32_2.0.0.202105311346/tools/bin/../lib/gcc/arm-none-eabi/9.3.1/../../../../arm-none-eabi/lib/thumb/v7e-m+fp/hard\libc_nano.a(lib_a-memcpy-stub.o)
 .debug_frame   0x000000000000237c       0x20 c:/st/stm32cubeide_1.8.0/stm32cubeide/plugins/com.st.stm32cube.ide.mcu.externaltools.gnu-tools-for-stm32.9-2020-q2-update.win32_2.0.0.202105311346/tools/bin/../lib/gcc/arm-none-eabi/9.3.1/../../../../arm-none-eabi/lib/thumb/v7e-m+fp/hard\libc_nano.a(lib_a-memset.o)
 .debug_frame   0x000000000000239c       0x48 c:/st/stm32cubeide_1.8.0/stm32cubeide/plugins/com.st.stm32cube.ide.mcu.externaltools.gnu-tools-for-stm32.9-2020-q2-update.win32_2.0.0.202105311346/tools/bin/../lib/gcc/arm-none-eabi/9.3.1/../../../../arm-none-eabi/lib/thumb/v7e-m+fp/hard\libc_nano.a(lib_a-utoa.o)
 .debug_frame   0x00000000000023e4       0x2c c:/st/stm32cubeide_1.8.0/stm32cubeide/plugins/com.st.stm32cube.ide.mcu.externaltools.gnu-tools-for-stm32.9-2020-q2-update.win32_2.0.0.202105311346/tools/bin/../lib/gcc/arm-none-eabi/9.3.1/thumb/v7e-m+fp/hard\libgcc.a(_aeabi_uldivmod.o)
 .debug_frame   0x0000000000002410       0x34 c:/st/stm32cubeide_1.8.0/stm32cubeide/plugins/com.st.stm32cube.ide.mcu.externaltools.gnu-tools-for-stm32.9-2020-q2-update.win32_2.0.0.202105311346/tools/bin/../lib/gcc/arm-none-eabi/9.3.1/thumb/v7e-m+fp/hard\libgcc.a(_udivmoddi4.o)
